192.168.0.34 - - [20/Jul/2020:15:06:21 +1000] "POST /core/eres?id=AI2lZ3TKiJqec_dpE5E_Pw HTTP/1.1" 200 0 "-" "Dart/2.8 (dart:io)"
192.168.0.34 - - [20/Jul/2020:15:06:22 +1000] "POST /core/eres?id=RDdpVoR7WjWXu4qmDcQ2fw HTTP/1.1" 200 0 "-" "Dart/2.8 (dart:io)"
192.168.0.34 - - [20/Jul/2020:15:06:23 +1000] "POST /core/eres?id=AI2lZ3TKiJqec_dpE5E_Pw HTTP/1.1" 200 0 "-" "Dart/2.8 (dart:io)"
192.168.0.34 - - [20/Jul/2020:15:06:24 +1000] "POST /core/eres?id=RDdpVoR7WjWXu4qmDcQ2fw HTTP/1.1" 200 0 "-" "Dart/2.8 (dart:io)"
192.168.0.34 - - [20/Jul/2020:15:06:25 +1000] "POST /core/eres?id=AI2lZ3TKiJqec_dpE5E_Pw HTTP/1.1" 200 0 "-" "Dart/2.8 (dart:io)"
192.168.0.34 - - [20/Jul/2020:15:06:26 +1000] "POST /core/eres?id=RDdpVoR7WjWXu4qmDcQ2fw HTTP/1.1" 200 0 "-" "Dart/2.8 (dart:io)"
192.168.0.34 - - [20/Jul/2020:15:06:27 +1000] "POST /core/eres?id=AI2lZ3TKiJqec_dpE5E_Pw HTTP/1.1" 200 0 "-" "Dart/2.8 (dart:io)"
192.168.0.34 - - [20/Jul/2020:15:06:28 +1000] "POST /core/eres?id=RDdpVoR7WjWXu4qmDcQ2fw HTTP/1.1" 200 0 "-" "Dart/2.8 (dart:io)"
192.168.0.34 - - [20/Jul/2020:15:06:29 +1000] "POST /core/eres?id=AI2lZ3TKiJqec_dpE5E_Pw HTTP/1.1" 200 0 "-" "Dart/2.8 (dart:io)"
192.168.0.34 - - [20/Jul/2020:15:06:30 +1000] "POST /core/eres?id=RDdpVoR7WjWXu4qmDcQ2fw HTTP/1.1" 200 0 "-" "Dart/2.8 (dart:io)"
192.168.0.34 - - [20/Jul/2020:15:06:31 +1000] "POST /core/eres?id=AI2lZ3TKiJqec_dpE5E_Pw HTTP/1.1" 200 0 "-" "Dart/2.8 (dart:io)"
192.168.0.34 - - [20/Jul/2020:15:06:32 +1000] "POST /core/eres?id=RDdpVoR7WjWXu4qmDcQ2fw HTTP/1.1" 200 0 "-" "Dart/2.8 (dart:io)"
192.168.0.34 - - [20/Jul/2020:15:06:33 +1000] "POST /core/eres?id=AI2lZ3TKiJqec_dpE5E_Pw HTTP/1.1" 200 0 "-" "Dart/2.8 (dart:io)"
192.168.0.34 - - [20/Jul/2020:15:06:34 +1000] "POST /core/eres?id=RDdpVoR7WjWXu4qmDcQ2fw HTTP/1.1" 200 0 "-" "Dart/2.8 (dart:io)"
192.168.0.34 - - [20/Jul/2020:15:06:35 +1000] "POST /core/eres?id=AI2lZ3TKiJqec_dpE5E_Pw HTTP/1.1" 200 0 "-" "Dart/2.8 (dart:io)"
192.168.0.34 - - [20/Jul/2020:15:06:36 +1000] "POST /core/eres?id=RDdpVoR7WjWXu4qmDcQ2fw HTTP/1.1" 200 0 "-" "Dart/2.8 (dart:io)"
192.168.0.34 - - [20/Jul/2020:15:06:37 +1000] "POST /core/eres?id=AI2lZ3TKiJqec_dpE5E_Pw HTTP/1.1" 200 0 "-" "Dart/2.8 (dart:io)"
192.168.0.34 - - [20/Jul/2020:15:06:38 +1000] "POST /core/eres?id=RDdpVoR7WjWXu4qmDcQ2fw HTTP/1.1" 200 0 "-" "Dart/2.8 (dart:io)"
192.168.0.34 - - [20/Jul/2020:15:06:39 +1000] "POST /core/eres?id=AI2lZ3TKiJqec_dpE5E_Pw HTTP/1.1" 200 0 "-" "Dart/2.8 (dart:io)"
192.168.0.34 - - [20/Jul/2020:15:06:40 +1000] "POST /core/eres?id=RDdpVoR7WjWXu4qmDcQ2fw HTTP/1.1" 200 0 "-" "Dart/2.8 (dart:io)"
192.168.0.34 - - [20/Jul/2020:15:06:41 +1000] "POST /core/eres?id=AI2lZ3TKiJqec_dpE5E_Pw HTTP/1.1" 200 0 "-" "Dart/2.8 (dart:io)"
192.168.0.34 - - [20/Jul/2020:15:06:42 +1000] "POST /core/eres?id=RDdpVoR7WjWXu4qmDcQ2fw HTTP/1.1" 200 0 "-" "Dart/2.8 (dart:io)"
192.168.0.34 - - [20/Jul/2020:15:06:43 +1000] "POST /core/eres?id=AI2lZ3TKiJqec_dpE5E_Pw HTTP/1.1" 200 0 "-" "Dart/2.8 (dart:io)"
192.168.0.34 - - [20/Jul/2020:15:06:45 +1000] "POST /core/eres?id=RDdpVoR7WjWXu4qmDcQ2fw HTTP/1.1" 200 0 "-" "Dart/2.8 (dart:io)"
192.168.0.34 - - [20/Jul/2020:15:06:45 +1000] "POST /core/eres?id=AI2lZ3TKiJqec_dpE5E_Pw HTTP/1.1" 200 0 "-" "Dart/2.8 (dart:io)"
192.168.0.34 - - [20/Jul/2020:15:06:47 +1000] "POST /core/eres?id=RDdpVoR7WjWXu4qmDcQ2fw HTTP/1.1" 200 0 "-" "Dart/2.8 (dart:io)"
192.168.0.34 - - [20/Jul/2020:15:06:47 +1000] "POST /core/eres?id=AI2lZ3TKiJqec_dpE5E_Pw HTTP/1.1" 200 0 "-" "Dart/2.8 (dart:io)"
192.168.0.34 - - [20/Jul/2020:15:06:49 +1000] "POST /core/eres?id=RDdpVoR7WjWXu4qmDcQ2fw HTTP/1.1" 200 0 "-" "Dart/2.8 (dart:io)"
192.168.0.34 - - [20/Jul/2020:15:06:49 +1000] "GET /core/eres?id=G8_mwAgMGG_ePh-H3UQwZg HTTP/1.1" 404 37 "-" "Dart/2.8 (dart:io)"
192.168.0.34 - - [20/Jul/2020:15:06:49 +1000] "POST /core/eres?id=AI2lZ3TKiJqec_dpE5E_Pw HTTP/1.1" 200 0 "-" "Dart/2.8 (dart:io)"
192.168.0.34 - - [20/Jul/2020:15:06:51 +1000] "POST /core/eres?id=RDdpVoR7WjWXu4qmDcQ2fw HTTP/1.1" 200 0 "-" "Dart/2.8 (dart:io)"
192.168.0.34 - - [20/Jul/2020:15:06:51 +1000] "POST /core/eres?id=AI2lZ3TKiJqec_dpE5E_Pw HTTP/1.1" 200 0 "-" "Dart/2.8 (dart:io)"
192.168.0.34 - - [20/Jul/2020:15:06:53 +1000] "POST /core/eres?id=RDdpVoR7WjWXu4qmDcQ2fw HTTP/1.1" 200 0 "-" "Dart/2.8 (dart:io)"
192.168.0.34 - - [20/Jul/2020:15:06:53 +1000] "POST /core/eres?id=AI2lZ3TKiJqec_dpE5E_Pw HTTP/1.1" 200 0 "-" "Dart/2.8 (dart:io)"
192.168.0.34 - - [20/Jul/2020:15:06:55 +1000] "POST /core/eres?id=RDdpVoR7WjWXu4qmDcQ2fw HTTP/1.1" 200 0 "-" "Dart/2.8 (dart:io)"
192.168.0.34 - - [20/Jul/2020:15:06:55 +1000] "POST /core/eres?id=AI2lZ3TKiJqec_dpE5E_Pw HTTP/1.1" 200 0 "-" "Dart/2.8 (dart:io)"
192.168.0.34 - - [20/Jul/2020:15:06:57 +1000] "POST /core/eres?id=RDdpVoR7WjWXu4qmDcQ2fw HTTP/1.1" 200 0 "-" "Dart/2.8 (dart:io)"
192.168.0.34 - - [20/Jul/2020:15:06:57 +1000] "POST /core/eres?id=AI2lZ3TKiJqec_dpE5E_Pw HTTP/1.1" 200 0 "-" "Dart/2.8 (dart:io)"
192.168.0.34 - - [20/Jul/2020:15:06:59 +1000] "POST /core/eres?id=RDdpVoR7WjWXu4qmDcQ2fw HTTP/1.1" 200 0 "-" "Dart/2.8 (dart:io)"
192.168.0.34 - - [20/Jul/2020:15:06:59 +1000] "POST /core/eres?id=AI2lZ3TKiJqec_dpE5E_Pw HTTP/1.1" 200 0 "-" "Dart/2.8 (dart:io)"
192.168.0.34 - - [20/Jul/2020:15:07:01 +1000] "POST /core/eres?id=RDdpVoR7WjWXu4qmDcQ2fw HTTP/1.1" 200 0 "-" "Dart/2.8 (dart:io)"
192.168.0.34 - - [20/Jul/2020:15:07:01 +1000] "POST /core/eres?id=AI2lZ3TKiJqec_dpE5E_Pw HTTP/1.1" 200 0 "-" "Dart/2.8 (dart:io)"
192.168.0.34 - - [20/Jul/2020:15:07:03 +1000] "POST /core/eres?id=RDdpVoR7WjWXu4qmDcQ2fw HTTP/1.1" 200 0 "-" "Dart/2.8 (dart:io)"
192.168.0.34 - - [20/Jul/2020:15:07:03 +1000] "POST /core/eres?id=AI2lZ3TKiJqec_dpE5E_Pw HTTP/1.1" 200 0 "-" "Dart/2.8 (dart:io)"
192.168.0.34 - - [20/Jul/2020:15:07:05 +1000] "POST /core/eres?id=RDdpVoR7WjWXu4qmDcQ2fw HTTP/1.1" 200 0 "-" "Dart/2.8 (dart:io)"
192.168.0.34 - - [20/Jul/2020:15:07:05 +1000] "POST /core/eres?id=AI2lZ3TKiJqec_dpE5E_Pw HTTP/1.1" 200 0 "-" "Dart/2.8 (dart:io)"
192.168.0.34 - - [20/Jul/2020:15:07:07 +1000] "POST /core/eres?id=RDdpVoR7WjWXu4qmDcQ2fw HTTP/1.1" 200 0 "-" "Dart/2.8 (dart:io)"
192.168.0.34 - - [20/Jul/2020:15:07:07 +1000] "POST /core/eres?id=AI2lZ3TKiJqec_dpE5E_Pw HTTP/1.1" 200 0 "-" "Dart/2.8 (dart:io)"
192.168.0.34 - - [20/Jul/2020:15:07:09 +1000] "POST /core/eres?id=RDdpVoR7WjWXu4qmDcQ2fw HTTP/1.1" 200 0 "-" "Dart/2.8 (dart:io)"
192.168.0.34 - - [20/Jul/2020:15:07:09 +1000] "POST /core/eres?id=AI2lZ3TKiJqec_dpE5E_Pw HTTP/1.1" 200 0 "-" "Dart/2.8 (dart:io)"
192.168.0.34 - - [20/Jul/2020:15:07:11 +1000] "POST /core/eres?id=RDdpVoR7WjWXu4qmDcQ2fw HTTP/1.1" 200 0 "-" "Dart/2.8 (dart:io)"
192.168.0.34 - - [20/Jul/2020:15:07:11 +1000] "POST /core/eres?id=AI2lZ3TKiJqec_dpE5E_Pw HTTP/1.1" 200 0 "-" "Dart/2.8 (dart:io)"
192.168.0.34 - - [20/Jul/2020:15:07:12 +1000] "GET /core/eres?id=AI2lZ3TKiJqec_dpE5E_Pw HTTP/1.1" 200 2549170 "-" "Dart/2.8 (dart:io)"
192.168.0.34 - - [20/Jul/2020:15:07:12 +1000] "GET /core/eres?id=RDdpVoR7WjWXu4qmDcQ2fw HTTP/1.1" 200 2513082 "-" "Dart/2.8 (dart:io)"
127.0.0.1 - - [20/Jul/2020:15:08:50 +1000] "POST /core/eres/negotiate?negotiateVersion=1 HTTP/1.1" 200 316 "-" "Microsoft.AspNetCore.Http.Connections.Client/3.1.3"
127.0.0.1 - - [20/Jul/2020:15:08:50 +1000] "POST /core/eres/negotiate?negotiateVersion=1 HTTP/1.1" 200 316 "-" "Microsoft.AspNetCore.Http.Connections.Client/3.1.3"
127.0.0.1 - - [20/Jul/2020:15:08:50 +1000] "POST /core/eres?id=RN9vGLsCVadst07CbTkKkQ HTTP/1.1" 200 25 "-" "Microsoft.AspNetCore.Http.Connections.Client/3.1.3"
127.0.0.1 - - [20/Jul/2020:15:08:50 +1000] "POST /core/eres?id=z3-BYc5dMS7qXukM0hqptg HTTP/1.1" 200 25 "-" "Microsoft.AspNetCore.Http.Connections.Client/3.1.3"
127.0.0.1 - - [20/Jul/2020:15:08:50 +1000] "POST /core/eres?id=RN9vGLsCVadst07CbTkKkQ HTTP/1.1" 200 25 "-" "Microsoft.AspNetCore.Http.Connections.Client/3.1.3"
127.0.0.1 - - [20/Jul/2020:15:08:50 +1000] "POST /core/eres?id=z3-BYc5dMS7qXukM0hqptg HTTP/1.1" 200 25 "-" "Microsoft.AspNetCore.Http.Connections.Client/3.1.3"
127.0.0.1 - - [20/Jul/2020:15:08:51 +1000] "POST /core/eres?id=z3-BYc5dMS7qXukM0hqptg HTTP/1.1" 200 25 "-" "Microsoft.AspNetCore.Http.Connections.Client/3.1.3"
127.0.0.1 - - [20/Jul/2020:15:08:51 +1000] "POST /core/eres?id=RN9vGLsCVadst07CbTkKkQ HTTP/1.1" 200 25 "-" "Microsoft.AspNetCore.Http.Connections.Client/3.1.3"
127.0.0.1 - - [20/Jul/2020:15:08:51 +1000] "GET /core/eres?id=z3-BYc5dMS7qXukM0hqptg HTTP/1.1" 200 156 "-" "Microsoft.AspNetCore.Http.Connections.Client/3.1.3"
127.0.0.1 - - [20/Jul/2020:15:08:51 +1000] "GET /core/eres?id=RN9vGLsCVadst07CbTkKkQ HTTP/1.1" 200 156 "-" "Microsoft.AspNetCore.Http.Connections.Client/3.1.3"
192.168.0.34 - - [20/Jul/2020:15:08:52 +1000] "GET /core/eres?id=RDdpVoR7WjWXu4qmDcQ2fw HTTP/1.1" 404 37 "-" "Dart/2.8 (dart:io)"
192.168.0.34 - - [20/Jul/2020:15:08:53 +1000] "POST /core/eres?id=RDdpVoR7WjWXu4qmDcQ2fw HTTP/1.1" 404 37 "-" "Dart/2.8 (dart:io)"
192.168.0.34 - - [20/Jul/2020:15:08:53 +1000] "POST /core/eres?id=AI2lZ3TKiJqec_dpE5E_Pw HTTP/1.1" 404 37 "-" "Dart/2.8 (dart:io)"
192.168.0.34 - - [20/Jul/2020:15:08:54 +1000] "GET /core/eres?id=RDdpVoR7WjWXu4qmDcQ2fw HTTP/1.1" 404 37 "-" "Dart/2.8 (dart:io)"
192.168.0.34 - - [20/Jul/2020:15:08:54 +1000] "POST /core/eres?id=RDdpVoR7WjWXu4qmDcQ2fw HTTP/1.1" 404 37 "-" "Dart/2.8 (dart:io)"
192.168.0.34 - - [20/Jul/2020:15:08:54 +1000] "POST /core/eres?id=AI2lZ3TKiJqec_dpE5E_Pw HTTP/1.1" 404 37 "-" "Dart/2.8 (dart:io)"
192.168.0.34 - - [20/Jul/2020:15:08:55 +1000] "GET /core/eres?id=AI2lZ3TKiJqec_dpE5E_Pw HTTP/1.1" 404 37 "-" "Dart/2.8 (dart:io)"
192.168.0.34 - - [20/Jul/2020:15:08:57 +1000] "GET /core/eres?id=AI2lZ3TKiJqec_dpE5E_Pw HTTP/1.1" 404 37 "-" "Dart/2.8 (dart:io)"
192.168.0.34 - - [20/Jul/2020:15:08:58 +1000] "GET /core/eres?id=RDdpVoR7WjWXu4qmDcQ2fw HTTP/1.1" 404 37 "-" "Dart/2.8 (dart:io)"
192.168.0.34 - - [20/Jul/2020:15:09:00 +1000] "POST /core/eres/negotiate HTTP/1.1" 200 273 "-" "Dart/2.8 (dart:io)"
192.168.0.34 - - [20/Jul/2020:15:09:00 +1000] "GET /core/eres?id=31DQ0PRMgQLPjhNhDfhNXg HTTP/1.1" 200 0 "-" "Dart/2.8 (dart:io)"
192.168.0.34 - - [20/Jul/2020:15:09:00 +1000] "POST /core/eres/negotiate HTTP/1.1" 200 273 "-" "Dart/2.8 (dart:io)"
192.168.0.34 - - [20/Jul/2020:15:09:00 +1000] "POST /core/eres?id=vK-pW8q4lr5jBlu6PErXDg HTTP/1.1" 200 0 "-" "Dart/2.8 (dart:io)"
192.168.0.34 - - [20/Jul/2020:15:09:00 +1000] "POST /core/eres?id=vK-pW8q4lr5jBlu6PErXDg HTTP/1.1" 200 0 "-" "Dart/2.8 (dart:io)"
192.168.0.34 - - [20/Jul/2020:15:09:00 +1000] "POST /core/eres?id=vK-pW8q4lr5jBlu6PErXDg HTTP/1.1" 200 0 "-" "Dart/2.8 (dart:io)"
192.168.0.34 - - [20/Jul/2020:15:09:00 +1000] "POST /core/eres?id=vK-pW8q4lr5jBlu6PErXDg HTTP/1.1" 200 0 "-" "Dart/2.8 (dart:io)"
192.168.0.34 - - [20/Jul/2020:15:09:00 +1000] "POST /core/eres?id=vK-pW8q4lr5jBlu6PErXDg HTTP/1.1" 200 0 "-" "Dart/2.8 (dart:io)"
192.168.0.34 - - [20/Jul/2020:15:09:00 +1000] "POST /core/eres?id=vK-pW8q4lr5jBlu6PErXDg HTTP/1.1" 200 0 "-" "Dart/2.8 (dart:io)"
192.168.0.34 - - [20/Jul/2020:15:09:00 +1000] "POST /core/eres?id=vK-pW8q4lr5jBlu6PErXDg HTTP/1.1" 200 0 "-" "Dart/2.8 (dart:io)"
192.168.0.34 - - [20/Jul/2020:15:09:00 +1000] "POST /core/eres?id=vK-pW8q4lr5jBlu6PErXDg HTTP/1.1" 200 0 "-" "Dart/2.8 (dart:io)"
192.168.0.34 - - [20/Jul/2020:15:09:00 +1000] "POST /core/eres?id=vK-pW8q4lr5jBlu6PErXDg HTTP/1.1" 200 0 "-" "Dart/2.8 (dart:io)"
192.168.0.34 - - [20/Jul/2020:15:09:00 +1000] "POST /core/eres?id=vK-pW8q4lr5jBlu6PErXDg HTTP/1.1" 200 0 "-" "Dart/2.8 (dart:io)"
192.168.0.34 - - [20/Jul/2020:15:09:00 +1000] "POST /core/eres?id=vK-pW8q4lr5jBlu6PErXDg HTTP/1.1" 200 0 "-" "Dart/2.8 (dart:io)"
192.168.0.34 - - [20/Jul/2020:15:09:00 +1000] "POST /core/eres?id=vK-pW8q4lr5jBlu6PErXDg HTTP/1.1" 200 0 "-" "Dart/2.8 (dart:io)"
192.168.0.34 - - [20/Jul/2020:15:09:02 +1000] "POST /core/eres/negotiate HTTP/1.1" 200 273 "-" "Dart/2.8 (dart:io)"
192.168.0.34 - - [20/Jul/2020:15:09:02 +1000] "GET /core/eres?id=pOxOF3Ckp21oZ_KjN-pNUg HTTP/1.1" 200 0 "-" "Dart/2.8 (dart:io)"
192.168.0.34 - - [20/Jul/2020:15:09:02 +1000] "POST /core/eres/negotiate HTTP/1.1" 200 273 "-" "Dart/2.8 (dart:io)"
192.168.0.34 - - [20/Jul/2020:15:09:02 +1000] "POST /core/eres?id=5gXjRp6oise2gdHSLP05PQ HTTP/1.1" 200 0 "-" "Dart/2.8 (dart:io)"
192.168.0.34 - - [20/Jul/2020:15:09:02 +1000] "POST /core/eres?id=5gXjRp6oise2gdHSLP05PQ HTTP/1.1" 200 0 "-" "Dart/2.8 (dart:io)"
192.168.0.34 - - [20/Jul/2020:15:09:02 +1000] "POST /core/eres?id=5gXjRp6oise2gdHSLP05PQ HTTP/1.1" 200 0 "-" "Dart/2.8 (dart:io)"
192.168.0.34 - - [20/Jul/2020:15:09:02 +1000] "POST /core/eres?id=5gXjRp6oise2gdHSLP05PQ HTTP/1.1" 200 0 "-" "Dart/2.8 (dart:io)"
192.168.0.34 - - [20/Jul/2020:15:09:02 +1000] "POST /core/eres?id=5gXjRp6oise2gdHSLP05PQ HTTP/1.1" 200 0 "-" "Dart/2.8 (dart:io)"
192.168.0.34 - - [20/Jul/2020:15:09:02 +1000] "POST /core/eres?id=5gXjRp6oise2gdHSLP05PQ HTTP/1.1" 200 0 "-" "Dart/2.8 (dart:io)"
192.168.0.34 - - [20/Jul/2020:15:09:02 +1000] "POST /core/eres?id=5gXjRp6oise2gdHSLP05PQ HTTP/1.1" 200 0 "-" "Dart/2.8 (dart:io)"
192.168.0.34 - - [20/Jul/2020:15:09:02 +1000] "POST /core/eres?id=5gXjRp6oise2gdHSLP05PQ HTTP/1.1" 200 0 "-" "Dart/2.8 (dart:io)"
192.168.0.34 - - [20/Jul/2020:15:09:02 +1000] "POST /core/eres?id=5gXjRp6oise2gdHSLP05PQ HTTP/1.1" 200 0 "-" "Dart/2.8 (dart:io)"
192.168.0.34 - - [20/Jul/2020:15:09:02 +1000] "POST /core/eres?id=5gXjRp6oise2gdHSLP05PQ HTTP/1.1" 200 0 "-" "Dart/2.8 (dart:io)"
192.168.0.34 - - [20/Jul/2020:15:09:02 +1000] "POST /core/eres?id=5gXjRp6oise2gdHSLP05PQ HTTP/1.1" 200 0 "-" "Dart/2.8 (dart:io)"
192.168.0.34 - - [20/Jul/2020:15:09:02 +1000] "POST /core/eres?id=5gXjRp6oise2gdHSLP05PQ HTTP/1.1" 200 0 "-" "Dart/2.8 (dart:io)"
192.168.0.34 - - [20/Jul/2020:15:09:02 +1000] "POST /core/eres?id=vK-pW8q4lr5jBlu6PErXDg HTTP/1.1" 200 0 "-" "Dart/2.8 (dart:io)"
192.168.0.34 - - [20/Jul/2020:15:09:04 +1000] "POST /core/eres?id=5gXjRp6oise2gdHSLP05PQ HTTP/1.1" 200 0 "-" "Dart/2.8 (dart:io)"
192.168.0.34 - - [20/Jul/2020:15:09:04 +1000] "POST /core/eres?id=vK-pW8q4lr5jBlu6PErXDg HTTP/1.1" 200 0 "-" "Dart/2.8 (dart:io)"
192.168.0.34 - - [20/Jul/2020:15:09:06 +1000] "POST /core/eres?id=5gXjRp6oise2gdHSLP05PQ HTTP/1.1" 200 0 "-" "Dart/2.8 (dart:io)"
192.168.0.34 - - [20/Jul/2020:15:09:06 +1000] "POST /core/eres?id=vK-pW8q4lr5jBlu6PErXDg HTTP/1.1" 200 0 "-" "Dart/2.8 (dart:io)"
192.168.0.34 - - [20/Jul/2020:15:09:08 +1000] "POST /core/eres?id=5gXjRp6oise2gdHSLP05PQ HTTP/1.1" 200 0 "-" "Dart/2.8 (dart:io)"
192.168.0.34 - - [20/Jul/2020:15:09:08 +1000] "POST /core/eres?id=vK-pW8q4lr5jBlu6PErXDg HTTP/1.1" 200 0 "-" "Dart/2.8 (dart:io)"
192.168.0.34 - - [20/Jul/2020:15:09:10 +1000] "POST /core/eres?id=5gXjRp6oise2gdHSLP05PQ HTTP/1.1" 200 0 "-" "Dart/2.8 (dart:io)"
192.168.0.34 - - [20/Jul/2020:15:09:10 +1000] "POST /core/eres?id=vK-pW8q4lr5jBlu6PErXDg HTTP/1.1" 200 0 "-" "Dart/2.8 (dart:io)"
192.168.0.34 - - [20/Jul/2020:15:09:12 +1000] "POST /core/eres?id=5gXjRp6oise2gdHSLP05PQ HTTP/1.1" 200 0 "-" "Dart/2.8 (dart:io)"
192.168.0.34 - - [20/Jul/2020:15:09:12 +1000] "POST /core/eres?id=vK-pW8q4lr5jBlu6PErXDg HTTP/1.1" 200 0 "-" "Dart/2.8 (dart:io)"
192.168.0.34 - - [20/Jul/2020:15:09:14 +1000] "POST /core/eres?id=5gXjRp6oise2gdHSLP05PQ HTTP/1.1" 200 0 "-" "Dart/2.8 (dart:io)"
192.168.0.34 - - [20/Jul/2020:15:09:14 +1000] "POST /core/eres?id=vK-pW8q4lr5jBlu6PErXDg HTTP/1.1" 200 0 "-" "Dart/2.8 (dart:io)"
192.168.0.34 - - [20/Jul/2020:15:09:16 +1000] "POST /core/eres?id=5gXjRp6oise2gdHSLP05PQ HTTP/1.1" 200 0 "-" "Dart/2.8 (dart:io)"
192.168.0.34 - - [20/Jul/2020:15:09:16 +1000] "POST /core/eres?id=vK-pW8q4lr5jBlu6PErXDg HTTP/1.1" 200 0 "-" "Dart/2.8 (dart:io)"
192.168.0.34 - - [20/Jul/2020:15:09:18 +1000] "GET /core/eres?id=G8_mwAgMGG_ePh-H3UQwZg HTTP/1.1" 404 37 "-" "Dart/2.8 (dart:io)"
192.168.0.34 - - [20/Jul/2020:15:09:18 +1000] "POST /core/eres?id=5gXjRp6oise2gdHSLP05PQ HTTP/1.1" 200 0 "-" "Dart/2.8 (dart:io)"
192.168.0.34 - - [20/Jul/2020:15:09:18 +1000] "POST /core/eres?id=vK-pW8q4lr5jBlu6PErXDg HTTP/1.1" 200 0 "-" "Dart/2.8 (dart:io)"
192.168.0.34 - - [20/Jul/2020:15:09:20 +1000] "POST /core/eres?id=5gXjRp6oise2gdHSLP05PQ HTTP/1.1" 200 0 "-" "Dart/2.8 (dart:io)"
192.168.0.34 - - [20/Jul/2020:15:09:20 +1000] "POST /core/eres?id=vK-pW8q4lr5jBlu6PErXDg HTTP/1.1" 200 0 "-" "Dart/2.8 (dart:io)"
192.168.0.34 - - [20/Jul/2020:15:09:22 +1000] "POST /core/eres?id=5gXjRp6oise2gdHSLP05PQ HTTP/1.1" 200 0 "-" "Dart/2.8 (dart:io)"
192.168.0.34 - - [20/Jul/2020:15:09:22 +1000] "POST /core/eres?id=vK-pW8q4lr5jBlu6PErXDg HTTP/1.1" 200 0 "-" "Dart/2.8 (dart:io)"
192.168.0.34 - - [20/Jul/2020:15:09:24 +1000] "POST /core/eres?id=5gXjRp6oise2gdHSLP05PQ HTTP/1.1" 200 0 "-" "Dart/2.8 (dart:io)"
192.168.0.34 - - [20/Jul/2020:15:09:24 +1000] "POST /core/eres?id=vK-pW8q4lr5jBlu6PErXDg HTTP/1.1" 200 0 "-" "Dart/2.8 (dart:io)"
192.168.0.34 - - [20/Jul/2020:15:09:26 +1000] "POST /core/eres?id=5gXjRp6oise2gdHSLP05PQ HTTP/1.1" 200 0 "-" "Dart/2.8 (dart:io)"
192.168.0.34 - - [20/Jul/2020:15:09:26 +1000] "POST /core/eres?id=vK-pW8q4lr5jBlu6PErXDg HTTP/1.1" 200 0 "-" "Dart/2.8 (dart:io)"
192.168.0.34 - - [20/Jul/2020:15:09:28 +1000] "POST /core/eres?id=vK-pW8q4lr5jBlu6PErXDg HTTP/1.1" 200 0 "-" "Dart/2.8 (dart:io)"
192.168.0.34 - - [20/Jul/2020:15:09:28 +1000] "POST /core/eres?id=5gXjRp6oise2gdHSLP05PQ HTTP/1.1" 200 0 "-" "Dart/2.8 (dart:io)"
192.168.0.34 - - [20/Jul/2020:15:09:30 +1000] "POST /core/eres?id=5gXjRp6oise2gdHSLP05PQ HTTP/1.1" 200 0 "-" "Dart/2.8 (dart:io)"
192.168.0.34 - - [20/Jul/2020:15:09:30 +1000] "POST /core/eres?id=vK-pW8q4lr5jBlu6PErXDg HTTP/1.1" 200 0 "-" "Dart/2.8 (dart:io)"
192.168.0.34 - - [20/Jul/2020:15:09:32 +1000] "POST /core/eres?id=5gXjRp6oise2gdHSLP05PQ HTTP/1.1" 200 0 "-" "Dart/2.8 (dart:io)"
192.168.0.34 - - [20/Jul/2020:15:09:32 +1000] "POST /core/eres?id=vK-pW8q4lr5jBlu6PErXDg HTTP/1.1" 200 0 "-" "Dart/2.8 (dart:io)"
192.168.0.34 - - [20/Jul/2020:15:09:34 +1000] "POST /core/eres?id=5gXjRp6oise2gdHSLP05PQ HTTP/1.1" 200 0 "-" "Dart/2.8 (dart:io)"
192.168.0.34 - - [20/Jul/2020:15:09:34 +1000] "POST /core/eres?id=vK-pW8q4lr5jBlu6PErXDg HTTP/1.1" 200 0 "-" "Dart/2.8 (dart:io)"
192.168.0.34 - - [20/Jul/2020:15:09:36 +1000] "POST /core/eres?id=vK-pW8q4lr5jBlu6PErXDg HTTP/1.1" 200 0 "-" "Dart/2.8 (dart:io)"
192.168.0.34 - - [20/Jul/2020:15:09:36 +1000] "POST /core/eres?id=5gXjRp6oise2gdHSLP05PQ HTTP/1.1" 200 0 "-" "Dart/2.8 (dart:io)"
192.168.0.34 - - [20/Jul/2020:15:09:38 +1000] "POST /core/eres?id=5gXjRp6oise2gdHSLP05PQ HTTP/1.1" 200 0 "-" "Dart/2.8 (dart:io)"
192.168.0.34 - - [20/Jul/2020:15:09:38 +1000] "POST /core/eres?id=vK-pW8q4lr5jBlu6PErXDg HTTP/1.1" 200 0 "-" "Dart/2.8 (dart:io)"
192.168.0.34 - - [20/Jul/2020:15:09:40 +1000] "POST /core/eres?id=vK-pW8q4lr5jBlu6PErXDg HTTP/1.1" 200 0 "-" "Dart/2.8 (dart:io)"
192.168.0.34 - - [20/Jul/2020:15:09:40 +1000] "POST /core/eres?id=5gXjRp6oise2gdHSLP05PQ HTTP/1.1" 200 0 "-" "Dart/2.8 (dart:io)"
192.168.0.34 - - [20/Jul/2020:15:09:42 +1000] "POST /core/eres?id=vK-pW8q4lr5jBlu6PErXDg HTTP/1.1" 200 0 "-" "Dart/2.8 (dart:io)"
192.168.0.34 - - [20/Jul/2020:15:09:42 +1000] "POST /core/eres?id=5gXjRp6oise2gdHSLP05PQ HTTP/1.1" 200 0 "-" "Dart/2.8 (dart:io)"
192.168.0.34 - - [20/Jul/2020:15:09:44 +1000] "POST /core/eres?id=5gXjRp6oise2gdHSLP05PQ HTTP/1.1" 200 0 "-" "Dart/2.8 (dart:io)"
192.168.0.34 - - [20/Jul/2020:15:09:44 +1000] "POST /core/eres?id=vK-pW8q4lr5jBlu6PErXDg HTTP/1.1" 200 0 "-" "Dart/2.8 (dart:io)"
192.168.0.34 - - [20/Jul/2020:15:09:46 +1000] "POST /core/eres?id=5gXjRp6oise2gdHSLP05PQ HTTP/1.1" 200 0 "-" "Dart/2.8 (dart:io)"
192.168.0.34 - - [20/Jul/2020:15:09:46 +1000] "POST /core/eres?id=vK-pW8q4lr5jBlu6PErXDg HTTP/1.1" 200 0 "-" "Dart/2.8 (dart:io)"
192.168.0.34 - - [20/Jul/2020:15:09:48 +1000] "POST /core/eres?id=5gXjRp6oise2gdHSLP05PQ HTTP/1.1" 200 0 "-" "Dart/2.8 (dart:io)"
192.168.0.34 - - [20/Jul/2020:15:09:48 +1000] "POST /core/eres?id=vK-pW8q4lr5jBlu6PErXDg HTTP/1.1" 200 0 "-" "Dart/2.8 (dart:io)"
192.168.0.34 - - [20/Jul/2020:15:09:50 +1000] "POST /core/eres?id=5gXjRp6oise2gdHSLP05PQ HTTP/1.1" 200 0 "-" "Dart/2.8 (dart:io)"
192.168.0.34 - - [20/Jul/2020:15:09:50 +1000] "POST /core/eres?id=vK-pW8q4lr5jBlu6PErXDg HTTP/1.1" 200 0 "-" "Dart/2.8 (dart:io)"
192.168.0.34 - - [20/Jul/2020:15:09:52 +1000] "POST /core/eres?id=vK-pW8q4lr5jBlu6PErXDg HTTP/1.1" 200 0 "-" "Dart/2.8 (dart:io)"
192.168.0.34 - - [20/Jul/2020:15:09:52 +1000] "POST /core/eres?id=5gXjRp6oise2gdHSLP05PQ HTTP/1.1" 200 0 "-" "Dart/2.8 (dart:io)"
192.168.0.34 - - [20/Jul/2020:15:09:54 +1000] "POST /core/eres?id=5gXjRp6oise2gdHSLP05PQ HTTP/1.1" 200 0 "-" "Dart/2.8 (dart:io)"
192.168.0.34 - - [20/Jul/2020:15:09:54 +1000] "POST /core/eres?id=vK-pW8q4lr5jBlu6PErXDg HTTP/1.1" 200 0 "-" "Dart/2.8 (dart:io)"
192.168.0.34 - - [20/Jul/2020:15:09:56 +1000] "POST /core/eres?id=5gXjRp6oise2gdHSLP05PQ HTTP/1.1" 200 0 "-" "Dart/2.8 (dart:io)"
192.168.0.34 - - [20/Jul/2020:15:09:56 +1000] "POST /core/eres?id=vK-pW8q4lr5jBlu6PErXDg HTTP/1.1" 200 0 "-" "Dart/2.8 (dart:io)"
192.168.0.34 - - [20/Jul/2020:15:09:58 +1000] "POST /core/eres?id=vK-pW8q4lr5jBlu6PErXDg HTTP/1.1" 200 0 "-" "Dart/2.8 (dart:io)"
192.168.0.34 - - [20/Jul/2020:15:09:58 +1000] "POST /core/eres?id=5gXjRp6oise2gdHSLP05PQ HTTP/1.1" 200 0 "-" "Dart/2.8 (dart:io)"
192.168.0.34 - - [20/Jul/2020:15:10:00 +1000] "POST /core/eres?id=5gXjRp6oise2gdHSLP05PQ HTTP/1.1" 200 0 "-" "Dart/2.8 (dart:io)"
192.168.0.34 - - [20/Jul/2020:15:10:00 +1000] "POST /core/eres?id=vK-pW8q4lr5jBlu6PErXDg HTTP/1.1" 200 0 "-" "Dart/2.8 (dart:io)"
192.168.0.34 - - [20/Jul/2020:15:10:02 +1000] "POST /core/eres?id=vK-pW8q4lr5jBlu6PErXDg HTTP/1.1" 200 0 "-" "Dart/2.8 (dart:io)"
192.168.0.34 - - [20/Jul/2020:15:10:02 +1000] "POST /core/eres?id=5gXjRp6oise2gdHSLP05PQ HTTP/1.1" 200 0 "-" "Dart/2.8 (dart:io)"
192.168.0.34 - - [20/Jul/2020:15:10:04 +1000] "POST /core/eres?id=5gXjRp6oise2gdHSLP05PQ HTTP/1.1" 200 0 "-" "Dart/2.8 (dart:io)"
192.168.0.34 - - [20/Jul/2020:15:10:04 +1000] "POST /core/eres?id=vK-pW8q4lr5jBlu6PErXDg HTTP/1.1" 200 0 "-" "Dart/2.8 (dart:io)"
192.168.0.34 - - [20/Jul/2020:15:10:06 +1000] "POST /core/eres?id=5gXjRp6oise2gdHSLP05PQ HTTP/1.1" 200 0 "-" "Dart/2.8 (dart:io)"
192.168.0.34 - - [20/Jul/2020:15:10:06 +1000] "POST /core/eres?id=vK-pW8q4lr5jBlu6PErXDg HTTP/1.1" 200 0 "-" "Dart/2.8 (dart:io)"
192.168.0.34 - - [20/Jul/2020:15:10:08 +1000] "POST /core/eres?id=5gXjRp6oise2gdHSLP05PQ HTTP/1.1" 200 0 "-" "Dart/2.8 (dart:io)"
192.168.0.34 - - [20/Jul/2020:15:10:08 +1000] "POST /core/eres?id=vK-pW8q4lr5jBlu6PErXDg HTTP/1.1" 200 0 "-" "Dart/2.8 (dart:io)"
192.168.0.34 - - [20/Jul/2020:15:10:10 +1000] "POST /core/eres?id=5gXjRp6oise2gdHSLP05PQ HTTP/1.1" 200 0 "-" "Dart/2.8 (dart:io)"
192.168.0.34 - - [20/Jul/2020:15:10:10 +1000] "POST /core/eres?id=vK-pW8q4lr5jBlu6PErXDg HTTP/1.1" 200 0 "-" "Dart/2.8 (dart:io)"
127.0.0.1 - - [20/Jul/2020:15:10:12 +1000] "POST /core/eres/negotiate?negotiateVersion=1 HTTP/1.1" 200 316 "-" "Microsoft.AspNetCore.Http.Connections.Client/3.1.3"
127.0.0.1 - - [20/Jul/2020:15:10:12 +1000] "POST /core/eres/negotiate?negotiateVersion=1 HTTP/1.1" 200 316 "-" "Microsoft.AspNetCore.Http.Connections.Client/3.1.3"
127.0.0.1 - - [20/Jul/2020:15:10:13 +1000] "POST /core/eres?id=7SjaMjDnYCb-9l9SymZJFg HTTP/1.1" 200 25 "-" "Microsoft.AspNetCore.Http.Connections.Client/3.1.3"
127.0.0.1 - - [20/Jul/2020:15:10:13 +1000] "POST /core/eres?id=O5ZSx3YmLuZldlDPh-E24A HTTP/1.1" 200 25 "-" "Microsoft.AspNetCore.Http.Connections.Client/3.1.3"
127.0.0.1 - - [20/Jul/2020:15:10:13 +1000] "POST /core/eres?id=O5ZSx3YmLuZldlDPh-E24A HTTP/1.1" 200 25 "-" "Microsoft.AspNetCore.Http.Connections.Client/3.1.3"
127.0.0.1 - - [20/Jul/2020:15:10:13 +1000] "POST /core/eres?id=7SjaMjDnYCb-9l9SymZJFg HTTP/1.1" 200 25 "-" "Microsoft.AspNetCore.Http.Connections.Client/3.1.3"
127.0.0.1 - - [20/Jul/2020:15:10:13 +1000] "POST /core/eres?id=7SjaMjDnYCb-9l9SymZJFg HTTP/1.1" 200 25 "-" "Microsoft.AspNetCore.Http.Connections.Client/3.1.3"
127.0.0.1 - - [20/Jul/2020:15:10:13 +1000] "POST /core/eres?id=O5ZSx3YmLuZldlDPh-E24A HTTP/1.1" 200 25 "-" "Microsoft.AspNetCore.Http.Connections.Client/3.1.3"
127.0.0.1 - - [20/Jul/2020:15:10:13 +1000] "GET /core/eres?id=O5ZSx3YmLuZldlDPh-E24A HTTP/1.1" 200 156 "-" "Microsoft.AspNetCore.Http.Connections.Client/3.1.3"
127.0.0.1 - - [20/Jul/2020:15:10:13 +1000] "GET /core/eres?id=7SjaMjDnYCb-9l9SymZJFg HTTP/1.1" 200 156 "-" "Microsoft.AspNetCore.Http.Connections.Client/3.1.3"
192.168.0.34 - - [20/Jul/2020:15:10:14 +1000] "POST /core/eres?id=vK-pW8q4lr5jBlu6PErXDg HTTP/1.1" 200 0 "-" "Dart/2.8 (dart:io)"
192.168.0.34 - - [20/Jul/2020:15:10:14 +1000] "POST /core/eres?id=5gXjRp6oise2gdHSLP05PQ HTTP/1.1" 200 0 "-" "Dart/2.8 (dart:io)"
192.168.0.34 - - [20/Jul/2020:15:10:16 +1000] "POST /core/eres?id=5gXjRp6oise2gdHSLP05PQ HTTP/1.1" 200 0 "-" "Dart/2.8 (dart:io)"
192.168.0.34 - - [20/Jul/2020:15:10:16 +1000] "POST /core/eres?id=vK-pW8q4lr5jBlu6PErXDg HTTP/1.1" 200 0 "-" "Dart/2.8 (dart:io)"
192.168.0.34 - - [20/Jul/2020:15:10:18 +1000] "GET /core/eres?id=G8_mwAgMGG_ePh-H3UQwZg HTTP/1.1" 404 37 "-" "Dart/2.8 (dart:io)"
192.168.0.34 - - [20/Jul/2020:15:10:18 +1000] "POST /core/eres?id=vK-pW8q4lr5jBlu6PErXDg HTTP/1.1" 200 0 "-" "Dart/2.8 (dart:io)"
192.168.0.34 - - [20/Jul/2020:15:10:18 +1000] "POST /core/eres?id=5gXjRp6oise2gdHSLP05PQ HTTP/1.1" 200 0 "-" "Dart/2.8 (dart:io)"
192.168.0.34 - - [20/Jul/2020:15:10:20 +1000] "POST /core/eres?id=5gXjRp6oise2gdHSLP05PQ HTTP/1.1" 200 0 "-" "Dart/2.8 (dart:io)"
192.168.0.34 - - [20/Jul/2020:15:10:20 +1000] "POST /core/eres?id=vK-pW8q4lr5jBlu6PErXDg HTTP/1.1" 200 0 "-" "Dart/2.8 (dart:io)"
127.0.0.1 - - [20/Jul/2020:15:10:22 +1000] "POST /core/eres/negotiate?negotiateVersion=1 HTTP/1.1" 200 316 "-" "Microsoft.AspNetCore.Http.Connections.Client/3.1.3"
127.0.0.1 - - [20/Jul/2020:15:10:22 +1000] "POST /core/eres?id=mMMBeVtMvCGgm6pfxkqqpQ HTTP/1.1" 200 25 "-" "Microsoft.AspNetCore.Http.Connections.Client/3.1.3"
127.0.0.1 - - [20/Jul/2020:15:10:22 +1000] "POST /core/eres?id=mMMBeVtMvCGgm6pfxkqqpQ HTTP/1.1" 200 25 "-" "Microsoft.AspNetCore.Http.Connections.Client/3.1.3"
127.0.0.1 - - [20/Jul/2020:15:10:22 +1000] "POST /core/eres?id=mMMBeVtMvCGgm6pfxkqqpQ HTTP/1.1" 200 25 "-" "Microsoft.AspNetCore.Http.Connections.Client/3.1.3"
127.0.0.1 - - [20/Jul/2020:15:10:22 +1000] "GET /core/eres?id=mMMBeVtMvCGgm6pfxkqqpQ HTTP/1.1" 200 156 "-" "Microsoft.AspNetCore.Http.Connections.Client/3.1.3"
192.168.0.34 - - [20/Jul/2020:15:10:22 +1000] "POST /core/eres?id=5gXjRp6oise2gdHSLP05PQ HTTP/1.1" 200 0 "-" "Dart/2.8 (dart:io)"
192.168.0.34 - - [20/Jul/2020:15:10:22 +1000] "POST /core/eres?id=vK-pW8q4lr5jBlu6PErXDg HTTP/1.1" 200 0 "-" "Dart/2.8 (dart:io)"
192.168.0.34 - - [20/Jul/2020:15:10:24 +1000] "POST /core/eres?id=5gXjRp6oise2gdHSLP05PQ HTTP/1.1" 200 0 "-" "Dart/2.8 (dart:io)"
192.168.0.34 - - [20/Jul/2020:15:10:24 +1000] "POST /core/eres?id=vK-pW8q4lr5jBlu6PErXDg HTTP/1.1" 200 0 "-" "Dart/2.8 (dart:io)"
192.168.0.34 - - [20/Jul/2020:15:10:26 +1000] "POST /core/eres?id=5gXjRp6oise2gdHSLP05PQ HTTP/1.1" 200 0 "-" "Dart/2.8 (dart:io)"
192.168.0.34 - - [20/Jul/2020:15:10:26 +1000] "POST /core/eres?id=vK-pW8q4lr5jBlu6PErXDg HTTP/1.1" 200 0 "-" "Dart/2.8 (dart:io)"
127.0.0.1 - - [20/Jul/2020:15:10:28 +1000] "POST /core/eres/negotiate?negotiateVersion=1 HTTP/1.1" 200 316 "-" "Microsoft.AspNetCore.Http.Connections.Client/3.1.3"
127.0.0.1 - - [20/Jul/2020:15:10:28 +1000] "POST /core/eres?id=IZ3oSzAya44akzPWliY4qg HTTP/1.1" 200 25 "-" "Microsoft.AspNetCore.Http.Connections.Client/3.1.3"
127.0.0.1 - - [20/Jul/2020:15:10:28 +1000] "POST /core/eres?id=IZ3oSzAya44akzPWliY4qg HTTP/1.1" 200 25 "-" "Microsoft.AspNetCore.Http.Connections.Client/3.1.3"
192.168.0.34 - - [20/Jul/2020:15:10:28 +1000] "POST /core/eres?id=vK-pW8q4lr5jBlu6PErXDg HTTP/1.1" 200 0 "-" "Dart/2.8 (dart:io)"
192.168.0.34 - - [20/Jul/2020:15:10:28 +1000] "POST /core/eres?id=5gXjRp6oise2gdHSLP05PQ HTTP/1.1" 200 0 "-" "Dart/2.8 (dart:io)"
127.0.0.1 - - [20/Jul/2020:15:10:28 +1000] "POST /core/eres?id=IZ3oSzAya44akzPWliY4qg HTTP/1.1" 200 25 "-" "Microsoft.AspNetCore.Http.Connections.Client/3.1.3"
127.0.0.1 - - [20/Jul/2020:15:10:28 +1000] "GET /core/eres?id=IZ3oSzAya44akzPWliY4qg HTTP/1.1" 200 156 "-" "Microsoft.AspNetCore.Http.Connections.Client/3.1.3"
192.168.0.34 - - [20/Jul/2020:15:10:30 +1000] "POST /core/eres?id=5gXjRp6oise2gdHSLP05PQ HTTP/1.1" 200 0 "-" "Dart/2.8 (dart:io)"
192.168.0.34 - - [20/Jul/2020:15:10:30 +1000] "POST /core/eres?id=vK-pW8q4lr5jBlu6PErXDg HTTP/1.1" 200 0 "-" "Dart/2.8 (dart:io)"
192.168.0.34 - - [20/Jul/2020:15:10:32 +1000] "POST /core/eres?id=5gXjRp6oise2gdHSLP05PQ HTTP/1.1" 200 0 "-" "Dart/2.8 (dart:io)"
192.168.0.34 - - [20/Jul/2020:15:10:32 +1000] "POST /core/eres?id=vK-pW8q4lr5jBlu6PErXDg HTTP/1.1" 200 0 "-" "Dart/2.8 (dart:io)"
192.168.0.34 - - [20/Jul/2020:15:10:34 +1000] "POST /core/eres?id=5gXjRp6oise2gdHSLP05PQ HTTP/1.1" 200 0 "-" "Dart/2.8 (dart:io)"
192.168.0.34 - - [20/Jul/2020:15:10:34 +1000] "POST /core/eres?id=vK-pW8q4lr5jBlu6PErXDg HTTP/1.1" 200 0 "-" "Dart/2.8 (dart:io)"
127.0.0.1 - - [20/Jul/2020:15:10:35 +1000] "POST /core/eres/negotiate?negotiateVersion=1 HTTP/1.1" 200 316 "-" "Microsoft.AspNetCore.Http.Connections.Client/3.1.3"
127.0.0.1 - - [20/Jul/2020:15:10:35 +1000] "POST /core/eres?id=kx9IHvcnSG3jtIzwCtrTWw HTTP/1.1" 200 25 "-" "Microsoft.AspNetCore.Http.Connections.Client/3.1.3"
127.0.0.1 - - [20/Jul/2020:15:10:35 +1000] "POST /core/eres?id=kx9IHvcnSG3jtIzwCtrTWw HTTP/1.1" 200 25 "-" "Microsoft.AspNetCore.Http.Connections.Client/3.1.3"
127.0.0.1 - - [20/Jul/2020:15:10:35 +1000] "GET /core/eres?id=kx9IHvcnSG3jtIzwCtrTWw HTTP/1.1" 200 156 "-" "Microsoft.AspNetCore.Http.Connections.Client/3.1.3"
192.168.0.34 - - [20/Jul/2020:15:10:36 +1000] "POST /core/eres?id=vK-pW8q4lr5jBlu6PErXDg HTTP/1.1" 200 0 "-" "Dart/2.8 (dart:io)"
192.168.0.34 - - [20/Jul/2020:15:10:36 +1000] "POST /core/eres?id=5gXjRp6oise2gdHSLP05PQ HTTP/1.1" 200 0 "-" "Dart/2.8 (dart:io)"
192.168.0.34 - - [20/Jul/2020:15:10:38 +1000] "POST /core/eres?id=5gXjRp6oise2gdHSLP05PQ HTTP/1.1" 200 0 "-" "Dart/2.8 (dart:io)"
192.168.0.34 - - [20/Jul/2020:15:10:38 +1000] "POST /core/eres?id=vK-pW8q4lr5jBlu6PErXDg HTTP/1.1" 200 0 "-" "Dart/2.8 (dart:io)"
192.168.0.34 - - [20/Jul/2020:15:10:40 +1000] "POST /core/eres?id=5gXjRp6oise2gdHSLP05PQ HTTP/1.1" 200 0 "-" "Dart/2.8 (dart:io)"
192.168.0.34 - - [20/Jul/2020:15:10:40 +1000] "POST /core/eres?id=vK-pW8q4lr5jBlu6PErXDg HTTP/1.1" 200 0 "-" "Dart/2.8 (dart:io)"
127.0.0.1 - - [20/Jul/2020:15:10:41 +1000] "POST /core/eres/negotiate?negotiateVersion=1 HTTP/1.1" 200 316 "-" "Microsoft.AspNetCore.Http.Connections.Client/3.1.3"
127.0.0.1 - - [20/Jul/2020:15:10:41 +1000] "POST /core/eres?id=POtVDfZvf-pjsX19_pU-ow HTTP/1.1" 200 25 "-" "Microsoft.AspNetCore.Http.Connections.Client/3.1.3"
127.0.0.1 - - [20/Jul/2020:15:10:41 +1000] "POST /core/eres?id=POtVDfZvf-pjsX19_pU-ow HTTP/1.1" 200 25 "-" "Microsoft.AspNetCore.Http.Connections.Client/3.1.3"
127.0.0.1 - - [20/Jul/2020:15:10:41 +1000] "GET /core/eres?id=POtVDfZvf-pjsX19_pU-ow HTTP/1.1" 200 156 "-" "Microsoft.AspNetCore.Http.Connections.Client/3.1.3"
192.168.0.34 - - [20/Jul/2020:15:10:42 +1000] "POST /core/eres?id=vK-pW8q4lr5jBlu6PErXDg HTTP/1.1" 200 0 "-" "Dart/2.8 (dart:io)"
192.168.0.34 - - [20/Jul/2020:15:10:42 +1000] "POST /core/eres?id=5gXjRp6oise2gdHSLP05PQ HTTP/1.1" 200 0 "-" "Dart/2.8 (dart:io)"
192.168.0.34 - - [20/Jul/2020:15:10:44 +1000] "POST /core/eres?id=5gXjRp6oise2gdHSLP05PQ HTTP/1.1" 200 0 "-" "Dart/2.8 (dart:io)"
192.168.0.34 - - [20/Jul/2020:15:10:44 +1000] "POST /core/eres?id=vK-pW8q4lr5jBlu6PErXDg HTTP/1.1" 200 0 "-" "Dart/2.8 (dart:io)"
127.0.0.1 - - [20/Jul/2020:15:10:46 +1000] "POST /core/eres/negotiate?negotiateVersion=1 HTTP/1.1" 200 316 "-" "Microsoft.AspNetCore.Http.Connections.Client/3.1.3"
127.0.0.1 - - [20/Jul/2020:15:10:46 +1000] "POST /core/eres?id=mLrKl5ub46EBWpIlah31TQ HTTP/1.1" 200 25 "-" "Microsoft.AspNetCore.Http.Connections.Client/3.1.3"
127.0.0.1 - - [20/Jul/2020:15:10:46 +1000] "POST /core/eres?id=mLrKl5ub46EBWpIlah31TQ HTTP/1.1" 200 25 "-" "Microsoft.AspNetCore.Http.Connections.Client/3.1.3"
127.0.0.1 - - [20/Jul/2020:15:10:46 +1000] "GET /core/eres?id=mLrKl5ub46EBWpIlah31TQ HTTP/1.1" 200 161 "-" "Microsoft.AspNetCore.Http.Connections.Client/3.1.3"
192.168.0.34 - - [20/Jul/2020:15:10:46 +1000] "POST /core/eres?id=5gXjRp6oise2gdHSLP05PQ HTTP/1.1" 200 0 "-" "Dart/2.8 (dart:io)"
192.168.0.34 - - [20/Jul/2020:15:10:46 +1000] "POST /core/eres?id=vK-pW8q4lr5jBlu6PErXDg HTTP/1.1" 200 0 "-" "Dart/2.8 (dart:io)"
192.168.0.34 - - [20/Jul/2020:15:10:48 +1000] "POST /core/eres?id=5gXjRp6oise2gdHSLP05PQ HTTP/1.1" 200 0 "-" "Dart/2.8 (dart:io)"
192.168.0.34 - - [20/Jul/2020:15:10:48 +1000] "POST /core/eres?id=vK-pW8q4lr5jBlu6PErXDg HTTP/1.1" 200 0 "-" "Dart/2.8 (dart:io)"
127.0.0.1 - - [20/Jul/2020:15:10:50 +1000] "POST /core/eres/negotiate?negotiateVersion=1 HTTP/1.1" 200 316 "-" "Microsoft.AspNetCore.Http.Connections.Client/3.1.3"
127.0.0.1 - - [20/Jul/2020:15:10:50 +1000] "POST /core/eres?id=SD-tN8ycKPPZ9r-1riv-tw HTTP/1.1" 200 25 "-" "Microsoft.AspNetCore.Http.Connections.Client/3.1.3"
127.0.0.1 - - [20/Jul/2020:15:10:50 +1000] "POST /core/eres?id=SD-tN8ycKPPZ9r-1riv-tw HTTP/1.1" 200 25 "-" "Microsoft.AspNetCore.Http.Connections.Client/3.1.3"
127.0.0.1 - - [20/Jul/2020:15:10:50 +1000] "POST /core/eres?id=SD-tN8ycKPPZ9r-1riv-tw HTTP/1.1" 200 25 "-" "Microsoft.AspNetCore.Http.Connections.Client/3.1.3"
127.0.0.1 - - [20/Jul/2020:15:10:50 +1000] "GET /core/eres?id=SD-tN8ycKPPZ9r-1riv-tw HTTP/1.1" 200 156 "-" "Microsoft.AspNetCore.Http.Connections.Client/3.1.3"
192.168.0.34 - - [20/Jul/2020:15:10:50 +1000] "POST /core/eres?id=5gXjRp6oise2gdHSLP05PQ HTTP/1.1" 200 0 "-" "Dart/2.8 (dart:io)"
192.168.0.34 - - [20/Jul/2020:15:10:50 +1000] "POST /core/eres?id=vK-pW8q4lr5jBlu6PErXDg HTTP/1.1" 200 0 "-" "Dart/2.8 (dart:io)"
192.168.0.34 - - [20/Jul/2020:15:10:52 +1000] "POST /core/eres?id=5gXjRp6oise2gdHSLP05PQ HTTP/1.1" 200 0 "-" "Dart/2.8 (dart:io)"
192.168.0.34 - - [20/Jul/2020:15:10:52 +1000] "POST /core/eres?id=vK-pW8q4lr5jBlu6PErXDg HTTP/1.1" 200 0 "-" "Dart/2.8 (dart:io)"
127.0.0.1 - - [20/Jul/2020:15:10:53 +1000] "POST /core/eres/negotiate?negotiateVersion=1 HTTP/1.1" 200 316 "-" "Microsoft.AspNetCore.Http.Connections.Client/3.1.3"
127.0.0.1 - - [20/Jul/2020:15:10:53 +1000] "POST /core/eres?id=J2eK3bvCWfBbWtf-4rlE7g HTTP/1.1" 200 25 "-" "Microsoft.AspNetCore.Http.Connections.Client/3.1.3"
127.0.0.1 - - [20/Jul/2020:15:10:53 +1000] "POST /core/eres?id=J2eK3bvCWfBbWtf-4rlE7g HTTP/1.1" 200 25 "-" "Microsoft.AspNetCore.Http.Connections.Client/3.1.3"
127.0.0.1 - - [20/Jul/2020:15:10:53 +1000] "GET /core/eres?id=J2eK3bvCWfBbWtf-4rlE7g HTTP/1.1" 200 156 "-" "Microsoft.AspNetCore.Http.Connections.Client/3.1.3"
192.168.0.34 - - [20/Jul/2020:15:10:54 +1000] "POST /core/eres?id=vK-pW8q4lr5jBlu6PErXDg HTTP/1.1" 200 0 "-" "Dart/2.8 (dart:io)"
192.168.0.34 - - [20/Jul/2020:15:10:54 +1000] "POST /core/eres?id=5gXjRp6oise2gdHSLP05PQ HTTP/1.1" 200 0 "-" "Dart/2.8 (dart:io)"
192.168.0.34 - - [20/Jul/2020:15:10:56 +1000] "POST /core/eres?id=5gXjRp6oise2gdHSLP05PQ HTTP/1.1" 200 0 "-" "Dart/2.8 (dart:io)"
192.168.0.34 - - [20/Jul/2020:15:10:56 +1000] "POST /core/eres?id=vK-pW8q4lr5jBlu6PErXDg HTTP/1.1" 200 0 "-" "Dart/2.8 (dart:io)"
192.168.0.34 - - [20/Jul/2020:15:10:58 +1000] "POST /core/eres?id=5gXjRp6oise2gdHSLP05PQ HTTP/1.1" 200 0 "-" "Dart/2.8 (dart:io)"
192.168.0.34 - - [20/Jul/2020:15:10:58 +1000] "POST /core/eres?id=vK-pW8q4lr5jBlu6PErXDg HTTP/1.1" 200 0 "-" "Dart/2.8 (dart:io)"
192.168.0.34 - - [20/Jul/2020:15:11:00 +1000] "POST /core/eres?id=vK-pW8q4lr5jBlu6PErXDg HTTP/1.1" 200 0 "-" "Dart/2.8 (dart:io)"
192.168.0.34 - - [20/Jul/2020:15:11:00 +1000] "POST /core/eres?id=5gXjRp6oise2gdHSLP05PQ HTTP/1.1" 200 0 "-" "Dart/2.8 (dart:io)"
192.168.0.34 - - [20/Jul/2020:15:11:02 +1000] "POST /core/eres?id=5gXjRp6oise2gdHSLP05PQ HTTP/1.1" 200 0 "-" "Dart/2.8 (dart:io)"
192.168.0.34 - - [20/Jul/2020:15:11:02 +1000] "POST /core/eres?id=vK-pW8q4lr5jBlu6PErXDg HTTP/1.1" 200 0 "-" "Dart/2.8 (dart:io)"
192.168.0.34 - - [20/Jul/2020:15:11:04 +1000] "POST /core/eres?id=5gXjRp6oise2gdHSLP05PQ HTTP/1.1" 200 0 "-" "Dart/2.8 (dart:io)"
192.168.0.34 - - [20/Jul/2020:15:11:04 +1000] "POST /core/eres?id=vK-pW8q4lr5jBlu6PErXDg HTTP/1.1" 200 0 "-" "Dart/2.8 (dart:io)"
192.168.0.34 - - [20/Jul/2020:15:11:06 +1000] "POST /core/eres?id=vK-pW8q4lr5jBlu6PErXDg HTTP/1.1" 200 0 "-" "Dart/2.8 (dart:io)"
192.168.0.34 - - [20/Jul/2020:15:11:06 +1000] "POST /core/eres?id=5gXjRp6oise2gdHSLP05PQ HTTP/1.1" 200 0 "-" "Dart/2.8 (dart:io)"
127.0.0.1 - - [20/Jul/2020:15:11:08 +1000] "POST /core/eres/negotiate?negotiateVersion=1 HTTP/1.1" 200 316 "-" "Microsoft.AspNetCore.Http.Connections.Client/3.1.3"
127.0.0.1 - - [20/Jul/2020:15:11:08 +1000] "POST /core/eres?id=eWUkWniEzaxReT2he7QXwQ HTTP/1.1" 200 25 "-" "Microsoft.AspNetCore.Http.Connections.Client/3.1.3"
127.0.0.1 - - [20/Jul/2020:15:11:08 +1000] "POST /core/eres?id=eWUkWniEzaxReT2he7QXwQ HTTP/1.1" 200 25 "-" "Microsoft.AspNetCore.Http.Connections.Client/3.1.3"
127.0.0.1 - - [20/Jul/2020:15:11:08 +1000] "POST /core/eres?id=eWUkWniEzaxReT2he7QXwQ HTTP/1.1" 200 25 "-" "Microsoft.AspNetCore.Http.Connections.Client/3.1.3"
127.0.0.1 - - [20/Jul/2020:15:11:08 +1000] "GET /core/eres?id=eWUkWniEzaxReT2he7QXwQ HTTP/1.1" 200 166 "-" "Microsoft.AspNetCore.Http.Connections.Client/3.1.3"
192.168.0.34 - - [20/Jul/2020:15:11:08 +1000] "POST /core/eres?id=5gXjRp6oise2gdHSLP05PQ HTTP/1.1" 200 0 "-" "Dart/2.8 (dart:io)"
192.168.0.34 - - [20/Jul/2020:15:11:08 +1000] "POST /core/eres?id=vK-pW8q4lr5jBlu6PErXDg HTTP/1.1" 200 0 "-" "Dart/2.8 (dart:io)"
192.168.0.34 - - [20/Jul/2020:15:11:10 +1000] "POST /core/eres?id=5gXjRp6oise2gdHSLP05PQ HTTP/1.1" 200 0 "-" "Dart/2.8 (dart:io)"
192.168.0.34 - - [20/Jul/2020:15:11:10 +1000] "POST /core/eres?id=vK-pW8q4lr5jBlu6PErXDg HTTP/1.1" 200 0 "-" "Dart/2.8 (dart:io)"
192.168.0.34 - - [20/Jul/2020:15:11:12 +1000] "POST /core/eres?id=5gXjRp6oise2gdHSLP05PQ HTTP/1.1" 200 0 "-" "Dart/2.8 (dart:io)"
192.168.0.34 - - [20/Jul/2020:15:11:12 +1000] "POST /core/eres?id=vK-pW8q4lr5jBlu6PErXDg HTTP/1.1" 200 0 "-" "Dart/2.8 (dart:io)"
192.168.0.34 - - [20/Jul/2020:15:11:14 +1000] "POST /core/eres?id=5gXjRp6oise2gdHSLP05PQ HTTP/1.1" 200 0 "-" "Dart/2.8 (dart:io)"
192.168.0.34 - - [20/Jul/2020:15:11:14 +1000] "POST /core/eres?id=vK-pW8q4lr5jBlu6PErXDg HTTP/1.1" 200 0 "-" "Dart/2.8 (dart:io)"
192.168.0.34 - - [20/Jul/2020:15:11:16 +1000] "POST /core/eres?id=vK-pW8q4lr5jBlu6PErXDg HTTP/1.1" 200 0 "-" "Dart/2.8 (dart:io)"
192.168.0.34 - - [20/Jul/2020:15:11:16 +1000] "POST /core/eres?id=5gXjRp6oise2gdHSLP05PQ HTTP/1.1" 200 0 "-" "Dart/2.8 (dart:io)"
192.168.0.34 - - [20/Jul/2020:15:11:18 +1000] "GET /core/eres?id=G8_mwAgMGG_ePh-H3UQwZg HTTP/1.1" 404 37 "-" "Dart/2.8 (dart:io)"
192.168.0.34 - - [20/Jul/2020:15:11:18 +1000] "POST /core/eres?id=5gXjRp6oise2gdHSLP05PQ HTTP/1.1" 200 0 "-" "Dart/2.8 (dart:io)"
192.168.0.34 - - [20/Jul/2020:15:11:19 +1000] "POST /core/eres?id=vK-pW8q4lr5jBlu6PErXDg HTTP/1.1" 200 0 "-" "Dart/2.8 (dart:io)"
192.168.0.34 - - [20/Jul/2020:15:11:21 +1000] "POST /core/eres?id=vK-pW8q4lr5jBlu6PErXDg HTTP/1.1" 200 0 "-" "Dart/2.8 (dart:io)"
192.168.0.34 - - [20/Jul/2020:15:11:21 +1000] "POST /core/eres?id=5gXjRp6oise2gdHSLP05PQ HTTP/1.1" 200 0 "-" "Dart/2.8 (dart:io)"
192.168.0.34 - - [20/Jul/2020:15:11:23 +1000] "POST /core/eres?id=5gXjRp6oise2gdHSLP05PQ HTTP/1.1" 200 0 "-" "Dart/2.8 (dart:io)"
192.168.0.34 - - [20/Jul/2020:15:11:23 +1000] "POST /core/eres?id=vK-pW8q4lr5jBlu6PErXDg HTTP/1.1" 200 0 "-" "Dart/2.8 (dart:io)"
127.0.0.1 - - [20/Jul/2020:15:11:24 +1000] "POST /core/eres/negotiate?negotiateVersion=1 HTTP/1.1" 200 316 "-" "Microsoft.AspNetCore.Http.Connections.Client/3.1.3"
127.0.0.1 - - [20/Jul/2020:15:11:24 +1000] "POST /core/eres?id=ZVXzG6VKM3sGi8npq8LSNg HTTP/1.1" 200 25 "-" "Microsoft.AspNetCore.Http.Connections.Client/3.1.3"
127.0.0.1 - - [20/Jul/2020:15:11:24 +1000] "POST /core/eres?id=ZVXzG6VKM3sGi8npq8LSNg HTTP/1.1" 200 25 "-" "Microsoft.AspNetCore.Http.Connections.Client/3.1.3"
127.0.0.1 - - [20/Jul/2020:15:11:24 +1000] "POST /core/eres?id=ZVXzG6VKM3sGi8npq8LSNg HTTP/1.1" 200 25 "-" "Microsoft.AspNetCore.Http.Connections.Client/3.1.3"
127.0.0.1 - - [20/Jul/2020:15:11:24 +1000] "GET /core/eres?id=ZVXzG6VKM3sGi8npq8LSNg HTTP/1.1" 200 156 "-" "Microsoft.AspNetCore.Http.Connections.Client/3.1.3"
192.168.0.34 - - [20/Jul/2020:15:11:25 +1000] "POST /core/eres?id=5gXjRp6oise2gdHSLP05PQ HTTP/1.1" 200 0 "-" "Dart/2.8 (dart:io)"
192.168.0.34 - - [20/Jul/2020:15:11:25 +1000] "POST /core/eres?id=vK-pW8q4lr5jBlu6PErXDg HTTP/1.1" 200 0 "-" "Dart/2.8 (dart:io)"
192.168.0.34 - - [20/Jul/2020:15:11:27 +1000] "POST /core/eres?id=5gXjRp6oise2gdHSLP05PQ HTTP/1.1" 200 0 "-" "Dart/2.8 (dart:io)"
192.168.0.34 - - [20/Jul/2020:15:11:27 +1000] "POST /core/eres?id=vK-pW8q4lr5jBlu6PErXDg HTTP/1.1" 200 0 "-" "Dart/2.8 (dart:io)"
192.168.0.34 - - [20/Jul/2020:15:11:29 +1000] "POST /core/eres?id=5gXjRp6oise2gdHSLP05PQ HTTP/1.1" 200 0 "-" "Dart/2.8 (dart:io)"
192.168.0.34 - - [20/Jul/2020:15:11:29 +1000] "POST /core/eres?id=vK-pW8q4lr5jBlu6PErXDg HTTP/1.1" 200 0 "-" "Dart/2.8 (dart:io)"
192.168.0.34 - - [20/Jul/2020:15:11:31 +1000] "POST /core/eres?id=5gXjRp6oise2gdHSLP05PQ HTTP/1.1" 200 0 "-" "Dart/2.8 (dart:io)"
192.168.0.34 - - [20/Jul/2020:15:11:31 +1000] "POST /core/eres?id=vK-pW8q4lr5jBlu6PErXDg HTTP/1.1" 200 0 "-" "Dart/2.8 (dart:io)"
192.168.0.34 - - [20/Jul/2020:15:11:33 +1000] "POST /core/eres?id=vK-pW8q4lr5jBlu6PErXDg HTTP/1.1" 200 0 "-" "Dart/2.8 (dart:io)"
192.168.0.34 - - [20/Jul/2020:15:11:33 +1000] "POST /core/eres?id=5gXjRp6oise2gdHSLP05PQ HTTP/1.1" 200 0 "-" "Dart/2.8 (dart:io)"
192.168.0.34 - - [20/Jul/2020:15:11:35 +1000] "POST /core/eres?id=5gXjRp6oise2gdHSLP05PQ HTTP/1.1" 200 0 "-" "Dart/2.8 (dart:io)"
192.168.0.34 - - [20/Jul/2020:15:11:35 +1000] "POST /core/eres?id=vK-pW8q4lr5jBlu6PErXDg HTTP/1.1" 200 0 "-" "Dart/2.8 (dart:io)"
192.168.0.34 - - [20/Jul/2020:15:11:37 +1000] "POST /core/eres?id=vK-pW8q4lr5jBlu6PErXDg HTTP/1.1" 200 0 "-" "Dart/2.8 (dart:io)"
192.168.0.34 - - [20/Jul/2020:15:11:38 +1000] "POST /core/eres?id=5gXjRp6oise2gdHSLP05PQ HTTP/1.1" 200 0 "-" "Dart/2.8 (dart:io)"
192.168.0.34 - - [20/Jul/2020:15:11:39 +1000] "POST /core/eres?id=vK-pW8q4lr5jBlu6PErXDg HTTP/1.1" 200 0 "-" "Dart/2.8 (dart:io)"
192.168.0.34 - - [20/Jul/2020:15:11:39 +1000] "POST /core/eres?id=5gXjRp6oise2gdHSLP05PQ HTTP/1.1" 200 0 "-" "Dart/2.8 (dart:io)"
192.168.0.34 - - [20/Jul/2020:15:11:40 +1000] "GET /core/eres?id=5gXjRp6oise2gdHSLP05PQ HTTP/1.1" 200 2692421 "-" "Dart/2.8 (dart:io)"
192.168.0.34 - - [20/Jul/2020:15:11:40 +1000] "GET /core/eres?id=vK-pW8q4lr5jBlu6PErXDg HTTP/1.1" 200 2692365 "-" "Dart/2.8 (dart:io)"
192.168.0.34 - - [20/Jul/2020:15:11:42 +1000] "POST /core/eres/negotiate HTTP/1.1" 200 273 "-" "Dart/2.8 (dart:io)"
192.168.0.34 - - [20/Jul/2020:15:11:42 +1000] "GET /core/eres?id=90VerjCtzYfqr2H47DMO-A HTTP/1.1" 200 0 "-" "Dart/2.8 (dart:io)"
192.168.0.34 - - [20/Jul/2020:15:11:42 +1000] "POST /core/eres/negotiate HTTP/1.1" 200 273 "-" "Dart/2.8 (dart:io)"
192.168.0.34 - - [20/Jul/2020:15:11:43 +1000] "POST /core/eres?id=Pt6k2hJwvVJjSlQHH2gI0Q HTTP/1.1" 200 0 "-" "Dart/2.8 (dart:io)"
192.168.0.34 - - [20/Jul/2020:15:11:43 +1000] "POST /core/eres?id=Pt6k2hJwvVJjSlQHH2gI0Q HTTP/1.1" 200 0 "-" "Dart/2.8 (dart:io)"
192.168.0.34 - - [20/Jul/2020:15:11:43 +1000] "POST /core/eres?id=Pt6k2hJwvVJjSlQHH2gI0Q HTTP/1.1" 200 0 "-" "Dart/2.8 (dart:io)"
192.168.0.34 - - [20/Jul/2020:15:11:43 +1000] "POST /core/eres?id=Pt6k2hJwvVJjSlQHH2gI0Q HTTP/1.1" 200 0 "-" "Dart/2.8 (dart:io)"
192.168.0.34 - - [20/Jul/2020:15:11:43 +1000] "POST /core/eres?id=Pt6k2hJwvVJjSlQHH2gI0Q HTTP/1.1" 200 0 "-" "Dart/2.8 (dart:io)"
192.168.0.34 - - [20/Jul/2020:15:11:43 +1000] "POST /core/eres?id=Pt6k2hJwvVJjSlQHH2gI0Q HTTP/1.1" 200 0 "-" "Dart/2.8 (dart:io)"
192.168.0.34 - - [20/Jul/2020:15:11:43 +1000] "POST /core/eres?id=Pt6k2hJwvVJjSlQHH2gI0Q HTTP/1.1" 200 0 "-" "Dart/2.8 (dart:io)"
192.168.0.34 - - [20/Jul/2020:15:11:43 +1000] "POST /core/eres?id=Pt6k2hJwvVJjSlQHH2gI0Q HTTP/1.1" 200 0 "-" "Dart/2.8 (dart:io)"
192.168.0.34 - - [20/Jul/2020:15:11:43 +1000] "POST /core/eres?id=Pt6k2hJwvVJjSlQHH2gI0Q HTTP/1.1" 200 0 "-" "Dart/2.8 (dart:io)"
192.168.0.34 - - [20/Jul/2020:15:11:43 +1000] "POST /core/eres?id=Pt6k2hJwvVJjSlQHH2gI0Q HTTP/1.1" 200 0 "-" "Dart/2.8 (dart:io)"
192.168.0.34 - - [20/Jul/2020:15:11:43 +1000] "POST /core/eres?id=Pt6k2hJwvVJjSlQHH2gI0Q HTTP/1.1" 200 0 "-" "Dart/2.8 (dart:io)"
192.168.0.34 - - [20/Jul/2020:15:11:43 +1000] "POST /core/eres?id=Pt6k2hJwvVJjSlQHH2gI0Q HTTP/1.1" 200 0 "-" "Dart/2.8 (dart:io)"
192.168.0.34 - - [20/Jul/2020:15:11:45 +1000] "POST /core/eres?id=Pt6k2hJwvVJjSlQHH2gI0Q HTTP/1.1" 200 0 "-" "Dart/2.8 (dart:io)"
192.168.0.34 - - [20/Jul/2020:15:11:47 +1000] "POST /core/eres?id=Pt6k2hJwvVJjSlQHH2gI0Q HTTP/1.1" 200 0 "-" "Dart/2.8 (dart:io)"
192.168.0.34 - - [20/Jul/2020:15:11:49 +1000] "POST /core/eres?id=Pt6k2hJwvVJjSlQHH2gI0Q HTTP/1.1" 200 0 "-" "Dart/2.8 (dart:io)"
127.0.0.1 - - [20/Jul/2020:15:11:51 +1000] "POST /core/eres/negotiate?negotiateVersion=1 HTTP/1.1" 200 316 "-" "Microsoft.AspNetCore.Http.Connections.Client/3.1.3"
127.0.0.1 - - [20/Jul/2020:15:11:51 +1000] "POST /core/eres?id=0pmzPMammdo3U9nptlLaHA HTTP/1.1" 200 25 "-" "Microsoft.AspNetCore.Http.Connections.Client/3.1.3"
127.0.0.1 - - [20/Jul/2020:15:11:51 +1000] "POST /core/eres?id=0pmzPMammdo3U9nptlLaHA HTTP/1.1" 200 25 "-" "Microsoft.AspNetCore.Http.Connections.Client/3.1.3"
127.0.0.1 - - [20/Jul/2020:15:11:51 +1000] "POST /core/eres?id=0pmzPMammdo3U9nptlLaHA HTTP/1.1" 200 25 "-" "Microsoft.AspNetCore.Http.Connections.Client/3.1.3"
127.0.0.1 - - [20/Jul/2020:15:11:51 +1000] "GET /core/eres?id=0pmzPMammdo3U9nptlLaHA HTTP/1.1" 200 156 "-" "Microsoft.AspNetCore.Http.Connections.Client/3.1.3"
192.168.0.34 - - [20/Jul/2020:15:11:51 +1000] "POST /core/eres?id=Pt6k2hJwvVJjSlQHH2gI0Q HTTP/1.1" 200 0 "-" "Dart/2.8 (dart:io)"
192.168.0.34 - - [20/Jul/2020:15:11:53 +1000] "POST /core/eres?id=Pt6k2hJwvVJjSlQHH2gI0Q HTTP/1.1" 200 0 "-" "Dart/2.8 (dart:io)"
192.168.0.34 - - [20/Jul/2020:15:11:55 +1000] "POST /core/eres?id=Pt6k2hJwvVJjSlQHH2gI0Q HTTP/1.1" 200 0 "-" "Dart/2.8 (dart:io)"
192.168.0.34 - - [20/Jul/2020:15:11:57 +1000] "POST /core/eres?id=Pt6k2hJwvVJjSlQHH2gI0Q HTTP/1.1" 200 0 "-" "Dart/2.8 (dart:io)"
127.0.0.1 - - [20/Jul/2020:15:11:58 +1000] "POST /core/eres/negotiate?negotiateVersion=1 HTTP/1.1" 200 316 "-" "Microsoft.AspNetCore.Http.Connections.Client/3.1.3"
127.0.0.1 - - [20/Jul/2020:15:11:58 +1000] "POST /core/eres?id=RCA034y0dXUOcjQcomWlrQ HTTP/1.1" 200 25 "-" "Microsoft.AspNetCore.Http.Connections.Client/3.1.3"
127.0.0.1 - - [20/Jul/2020:15:11:58 +1000] "POST /core/eres?id=RCA034y0dXUOcjQcomWlrQ HTTP/1.1" 200 25 "-" "Microsoft.AspNetCore.Http.Connections.Client/3.1.3"
127.0.0.1 - - [20/Jul/2020:15:11:58 +1000] "POST /core/eres?id=RCA034y0dXUOcjQcomWlrQ HTTP/1.1" 200 25 "-" "Microsoft.AspNetCore.Http.Connections.Client/3.1.3"
127.0.0.1 - - [20/Jul/2020:15:11:58 +1000] "GET /core/eres?id=RCA034y0dXUOcjQcomWlrQ HTTP/1.1" 200 156 "-" "Microsoft.AspNetCore.Http.Connections.Client/3.1.3"
192.168.0.34 - - [20/Jul/2020:15:11:59 +1000] "POST /core/eres?id=Pt6k2hJwvVJjSlQHH2gI0Q HTTP/1.1" 200 0 "-" "Dart/2.8 (dart:io)"
127.0.0.1 - - [20/Jul/2020:15:12:01 +1000] "POST /core/eres/negotiate?negotiateVersion=1 HTTP/1.1" 200 316 "-" "Microsoft.AspNetCore.Http.Connections.Client/3.1.3"
127.0.0.1 - - [20/Jul/2020:15:12:01 +1000] "POST /core/eres?id=wjHxfmU26pH-wKQzcRI50g HTTP/1.1" 200 25 "-" "Microsoft.AspNetCore.Http.Connections.Client/3.1.3"
127.0.0.1 - - [20/Jul/2020:15:12:01 +1000] "POST /core/eres?id=wjHxfmU26pH-wKQzcRI50g HTTP/1.1" 200 25 "-" "Microsoft.AspNetCore.Http.Connections.Client/3.1.3"
127.0.0.1 - - [20/Jul/2020:15:12:01 +1000] "POST /core/eres?id=wjHxfmU26pH-wKQzcRI50g HTTP/1.1" 200 25 "-" "Microsoft.AspNetCore.Http.Connections.Client/3.1.3"
127.0.0.1 - - [20/Jul/2020:15:12:01 +1000] "GET /core/eres?id=wjHxfmU26pH-wKQzcRI50g HTTP/1.1" 200 161 "-" "Microsoft.AspNetCore.Http.Connections.Client/3.1.3"
192.168.0.34 - - [20/Jul/2020:15:12:01 +1000] "POST /core/eres?id=Pt6k2hJwvVJjSlQHH2gI0Q HTTP/1.1" 200 0 "-" "Dart/2.8 (dart:io)"
192.168.0.34 - - [20/Jul/2020:15:12:03 +1000] "POST /core/eres?id=Pt6k2hJwvVJjSlQHH2gI0Q HTTP/1.1" 200 0 "-" "Dart/2.8 (dart:io)"
127.0.0.1 - - [20/Jul/2020:15:12:04 +1000] "POST /core/eres/negotiate?negotiateVersion=1 HTTP/1.1" 200 316 "-" "Microsoft.AspNetCore.Http.Connections.Client/3.1.3"
127.0.0.1 - - [20/Jul/2020:15:12:04 +1000] "POST /core/eres?id=S8VlMJvsB7_aIcltqP-7lQ HTTP/1.1" 200 25 "-" "Microsoft.AspNetCore.Http.Connections.Client/3.1.3"
127.0.0.1 - - [20/Jul/2020:15:12:04 +1000] "POST /core/eres?id=S8VlMJvsB7_aIcltqP-7lQ HTTP/1.1" 200 25 "-" "Microsoft.AspNetCore.Http.Connections.Client/3.1.3"
127.0.0.1 - - [20/Jul/2020:15:12:04 +1000] "POST /core/eres?id=S8VlMJvsB7_aIcltqP-7lQ HTTP/1.1" 200 25 "-" "Microsoft.AspNetCore.Http.Connections.Client/3.1.3"
127.0.0.1 - - [20/Jul/2020:15:12:04 +1000] "GET /core/eres?id=S8VlMJvsB7_aIcltqP-7lQ HTTP/1.1" 200 156 "-" "Microsoft.AspNetCore.Http.Connections.Client/3.1.3"
192.168.0.34 - - [20/Jul/2020:15:12:05 +1000] "POST /core/eres?id=Pt6k2hJwvVJjSlQHH2gI0Q HTTP/1.1" 200 0 "-" "Dart/2.8 (dart:io)"
192.168.0.34 - - [20/Jul/2020:15:12:07 +1000] "POST /core/eres?id=Pt6k2hJwvVJjSlQHH2gI0Q HTTP/1.1" 200 0 "-" "Dart/2.8 (dart:io)"
192.168.0.34 - - [20/Jul/2020:15:12:09 +1000] "POST /core/eres?id=Pt6k2hJwvVJjSlQHH2gI0Q HTTP/1.1" 200 0 "-" "Dart/2.8 (dart:io)"
192.168.0.34 - - [20/Jul/2020:15:12:11 +1000] "POST /core/eres?id=Pt6k2hJwvVJjSlQHH2gI0Q HTTP/1.1" 200 0 "-" "Dart/2.8 (dart:io)"
192.168.0.34 - - [20/Jul/2020:15:12:13 +1000] "POST /core/eres?id=Pt6k2hJwvVJjSlQHH2gI0Q HTTP/1.1" 200 0 "-" "Dart/2.8 (dart:io)"
127.0.0.1 - - [20/Jul/2020:15:12:14 +1000] "POST /core/eres/negotiate?negotiateVersion=1 HTTP/1.1" 200 316 "-" "Microsoft.AspNetCore.Http.Connections.Client/3.1.3"
