127.0.0.1 - - [20/Jul/2020:15:12:14 +1000] "POST /core/eres?id=0G5NW60CuO38BSkqhk5C4w HTTP/1.1" 200 25 "-" "Microsoft.AspNetCore.Http.Connections.Client/3.1.3"
127.0.0.1 - - [20/Jul/2020:15:12:14 +1000] "POST /core/eres?id=0G5NW60CuO38BSkqhk5C4w HTTP/1.1" 200 25 "-" "Microsoft.AspNetCore.Http.Connections.Client/3.1.3"
127.0.0.1 - - [20/Jul/2020:15:12:14 +1000] "POST /core/eres?id=0G5NW60CuO38BSkqhk5C4w HTTP/1.1" 200 25 "-" "Microsoft.AspNetCore.Http.Connections.Client/3.1.3"
127.0.0.1 - - [20/Jul/2020:15:12:14 +1000] "GET /core/eres?id=0G5NW60CuO38BSkqhk5C4w HTTP/1.1" 200 161 "-" "Microsoft.AspNetCore.Http.Connections.Client/3.1.3"
192.168.0.34 - - [20/Jul/2020:15:12:15 +1000] "POST /core/eres?id=Pt6k2hJwvVJjSlQHH2gI0Q HTTP/1.1" 200 0 "-" "Dart/2.8 (dart:io)"
192.168.0.34 - - [20/Jul/2020:15:12:17 +1000] "POST /core/eres?id=Pt6k2hJwvVJjSlQHH2gI0Q HTTP/1.1" 200 0 "-" "Dart/2.8 (dart:io)"
192.168.0.34 - - [20/Jul/2020:15:12:19 +1000] "POST /core/eres?id=Pt6k2hJwvVJjSlQHH2gI0Q HTTP/1.1" 200 0 "-" "Dart/2.8 (dart:io)"
127.0.0.1 - - [20/Jul/2020:15:12:21 +1000] "POST /core/eres/negotiate?negotiateVersion=1 HTTP/1.1" 200 316 "-" "Microsoft.AspNetCore.Http.Connections.Client/3.1.3"
127.0.0.1 - - [20/Jul/2020:15:12:21 +1000] "POST /core/eres?id=5CUMjG0iWwruwKE6WVM0ig HTTP/1.1" 200 25 "-" "Microsoft.AspNetCore.Http.Connections.Client/3.1.3"
127.0.0.1 - - [20/Jul/2020:15:12:21 +1000] "POST /core/eres?id=5CUMjG0iWwruwKE6WVM0ig HTTP/1.1" 200 25 "-" "Microsoft.AspNetCore.Http.Connections.Client/3.1.3"
127.0.0.1 - - [20/Jul/2020:15:12:21 +1000] "POST /core/eres?id=5CUMjG0iWwruwKE6WVM0ig HTTP/1.1" 200 25 "-" "Microsoft.AspNetCore.Http.Connections.Client/3.1.3"
127.0.0.1 - - [20/Jul/2020:15:12:21 +1000] "GET /core/eres?id=5CUMjG0iWwruwKE6WVM0ig HTTP/1.1" 200 156 "-" "Microsoft.AspNetCore.Http.Connections.Client/3.1.3"
192.168.0.34 - - [20/Jul/2020:15:12:21 +1000] "POST /core/eres?id=Pt6k2hJwvVJjSlQHH2gI0Q HTTP/1.1" 200 0 "-" "Dart/2.8 (dart:io)"
192.168.0.34 - - [20/Jul/2020:15:12:23 +1000] "POST /core/eres?id=Pt6k2hJwvVJjSlQHH2gI0Q HTTP/1.1" 200 0 "-" "Dart/2.8 (dart:io)"
192.168.0.34 - - [20/Jul/2020:15:12:25 +1000] "POST /core/eres?id=Pt6k2hJwvVJjSlQHH2gI0Q HTTP/1.1" 200 0 "-" "Dart/2.8 (dart:io)"
192.168.0.34 - - [20/Jul/2020:15:12:27 +1000] "POST /core/eres?id=Pt6k2hJwvVJjSlQHH2gI0Q HTTP/1.1" 200 0 "-" "Dart/2.8 (dart:io)"
127.0.0.1 - - [20/Jul/2020:15:12:27 +1000] "POST /core/eres/negotiate?negotiateVersion=1 HTTP/1.1" 200 316 "-" "Microsoft.AspNetCore.Http.Connections.Client/3.1.3"
127.0.0.1 - - [20/Jul/2020:15:12:27 +1000] "POST /core/eres?id=5iwNJwSyd5RmZrHSaN9sqw HTTP/1.1" 200 25 "-" "Microsoft.AspNetCore.Http.Connections.Client/3.1.3"
127.0.0.1 - - [20/Jul/2020:15:12:27 +1000] "POST /core/eres?id=5iwNJwSyd5RmZrHSaN9sqw HTTP/1.1" 200 25 "-" "Microsoft.AspNetCore.Http.Connections.Client/3.1.3"
127.0.0.1 - - [20/Jul/2020:15:12:27 +1000] "POST /core/eres?id=5iwNJwSyd5RmZrHSaN9sqw HTTP/1.1" 200 25 "-" "Microsoft.AspNetCore.Http.Connections.Client/3.1.3"
127.0.0.1 - - [20/Jul/2020:15:12:27 +1000] "GET /core/eres?id=5iwNJwSyd5RmZrHSaN9sqw HTTP/1.1" 200 156 "-" "Microsoft.AspNetCore.Http.Connections.Client/3.1.3"
192.168.0.34 - - [20/Jul/2020:15:12:29 +1000] "POST /core/eres?id=Pt6k2hJwvVJjSlQHH2gI0Q HTTP/1.1" 200 0 "-" "Dart/2.8 (dart:io)"
192.168.0.34 - - [20/Jul/2020:15:12:31 +1000] "POST /core/eres?id=Pt6k2hJwvVJjSlQHH2gI0Q HTTP/1.1" 200 0 "-" "Dart/2.8 (dart:io)"
192.168.0.34 - - [20/Jul/2020:15:12:33 +1000] "POST /core/eres?id=Pt6k2hJwvVJjSlQHH2gI0Q HTTP/1.1" 200 0 "-" "Dart/2.8 (dart:io)"
192.168.0.34 - - [20/Jul/2020:15:12:35 +1000] "POST /core/eres?id=Pt6k2hJwvVJjSlQHH2gI0Q HTTP/1.1" 200 0 "-" "Dart/2.8 (dart:io)"
192.168.0.34 - - [20/Jul/2020:15:12:37 +1000] "POST /core/eres?id=Pt6k2hJwvVJjSlQHH2gI0Q HTTP/1.1" 200 0 "-" "Dart/2.8 (dart:io)"
192.168.0.34 - - [20/Jul/2020:15:12:39 +1000] "POST /core/eres?id=Pt6k2hJwvVJjSlQHH2gI0Q HTTP/1.1" 200 0 "-" "Dart/2.8 (dart:io)"
192.168.0.34 - - [20/Jul/2020:15:12:41 +1000] "POST /core/eres?id=Pt6k2hJwvVJjSlQHH2gI0Q HTTP/1.1" 200 0 "-" "Dart/2.8 (dart:io)"
192.168.0.34 - - [20/Jul/2020:15:12:43 +1000] "POST /core/eres?id=Pt6k2hJwvVJjSlQHH2gI0Q HTTP/1.1" 200 0 "-" "Dart/2.8 (dart:io)"
192.168.0.34 - - [20/Jul/2020:15:12:45 +1000] "POST /core/eres?id=Pt6k2hJwvVJjSlQHH2gI0Q HTTP/1.1" 200 0 "-" "Dart/2.8 (dart:io)"
192.168.0.34 - - [20/Jul/2020:15:12:47 +1000] "POST /core/eres?id=Pt6k2hJwvVJjSlQHH2gI0Q HTTP/1.1" 200 0 "-" "Dart/2.8 (dart:io)"
192.168.0.34 - - [20/Jul/2020:15:12:49 +1000] "POST /core/eres?id=Pt6k2hJwvVJjSlQHH2gI0Q HTTP/1.1" 200 0 "-" "Dart/2.8 (dart:io)"
192.168.0.34 - - [20/Jul/2020:15:12:51 +1000] "POST /core/eres?id=Pt6k2hJwvVJjSlQHH2gI0Q HTTP/1.1" 200 0 "-" "Dart/2.8 (dart:io)"
192.168.0.34 - - [20/Jul/2020:15:12:53 +1000] "POST /core/eres?id=Pt6k2hJwvVJjSlQHH2gI0Q HTTP/1.1" 200 0 "-" "Dart/2.8 (dart:io)"
127.0.0.1 - - [20/Jul/2020:15:12:54 +1000] "POST /core/eres/negotiate?negotiateVersion=1 HTTP/1.1" 200 316 "-" "Microsoft.AspNetCore.Http.Connections.Client/3.1.3"
127.0.0.1 - - [20/Jul/2020:15:12:54 +1000] "POST /core/eres?id=8caYrVhKorm3JFI63NG2Tg HTTP/1.1" 200 25 "-" "Microsoft.AspNetCore.Http.Connections.Client/3.1.3"
127.0.0.1 - - [20/Jul/2020:15:12:54 +1000] "POST /core/eres?id=8caYrVhKorm3JFI63NG2Tg HTTP/1.1" 200 25 "-" "Microsoft.AspNetCore.Http.Connections.Client/3.1.3"
127.0.0.1 - - [20/Jul/2020:15:12:54 +1000] "GET /core/eres?id=8caYrVhKorm3JFI63NG2Tg HTTP/1.1" 200 156 "-" "Microsoft.AspNetCore.Http.Connections.Client/3.1.3"
192.168.0.34 - - [20/Jul/2020:15:12:55 +1000] "POST /core/eres?id=Pt6k2hJwvVJjSlQHH2gI0Q HTTP/1.1" 200 0 "-" "Dart/2.8 (dart:io)"
192.168.0.34 - - [20/Jul/2020:15:12:57 +1000] "POST /core/eres?id=Pt6k2hJwvVJjSlQHH2gI0Q HTTP/1.1" 200 0 "-" "Dart/2.8 (dart:io)"
192.168.0.34 - - [20/Jul/2020:15:12:58 +1000] "POST /core/eres?id=Pt6k2hJwvVJjSlQHH2gI0Q HTTP/1.1" 200 0 "-" "Dart/2.8 (dart:io)"
127.0.0.1 - - [20/Jul/2020:15:12:58 +1000] "POST /core/eres/negotiate?negotiateVersion=1 HTTP/1.1" 200 316 "-" "Microsoft.AspNetCore.Http.Connections.Client/3.1.3"
127.0.0.1 - - [20/Jul/2020:15:12:58 +1000] "POST /core/eres?id=dvokaia4fau1-KMUqSPnYg HTTP/1.1" 200 25 "-" "Microsoft.AspNetCore.Http.Connections.Client/3.1.3"
127.0.0.1 - - [20/Jul/2020:15:12:58 +1000] "POST /core/eres?id=dvokaia4fau1-KMUqSPnYg HTTP/1.1" 200 25 "-" "Microsoft.AspNetCore.Http.Connections.Client/3.1.3"
127.0.0.1 - - [20/Jul/2020:15:12:58 +1000] "POST /core/eres?id=dvokaia4fau1-KMUqSPnYg HTTP/1.1" 200 25 "-" "Microsoft.AspNetCore.Http.Connections.Client/3.1.3"
127.0.0.1 - - [20/Jul/2020:15:12:58 +1000] "GET /core/eres?id=dvokaia4fau1-KMUqSPnYg HTTP/1.1" 200 156 "-" "Microsoft.AspNetCore.Http.Connections.Client/3.1.3"
192.168.0.34 - - [20/Jul/2020:15:13:00 +1000] "POST /core/eres?id=Pt6k2hJwvVJjSlQHH2gI0Q HTTP/1.1" 200 0 "-" "Dart/2.8 (dart:io)"
192.168.0.34 - - [20/Jul/2020:15:13:02 +1000] "POST /core/eres?id=Pt6k2hJwvVJjSlQHH2gI0Q HTTP/1.1" 200 0 "-" "Dart/2.8 (dart:io)"
192.168.0.34 - - [20/Jul/2020:15:13:04 +1000] "POST /core/eres?id=Pt6k2hJwvVJjSlQHH2gI0Q HTTP/1.1" 200 0 "-" "Dart/2.8 (dart:io)"
127.0.0.1 - - [20/Jul/2020:15:13:05 +1000] "POST /core/eres/negotiate?negotiateVersion=1 HTTP/1.1" 200 316 "-" "Microsoft.AspNetCore.Http.Connections.Client/3.1.3"
127.0.0.1 - - [20/Jul/2020:15:13:05 +1000] "POST /core/eres?id=Qkz1n42aEN--Zczx--oisg HTTP/1.1" 200 25 "-" "Microsoft.AspNetCore.Http.Connections.Client/3.1.3"
127.0.0.1 - - [20/Jul/2020:15:13:05 +1000] "POST /core/eres?id=Qkz1n42aEN--Zczx--oisg HTTP/1.1" 200 25 "-" "Microsoft.AspNetCore.Http.Connections.Client/3.1.3"
127.0.0.1 - - [20/Jul/2020:15:13:05 +1000] "POST /core/eres?id=Qkz1n42aEN--Zczx--oisg HTTP/1.1" 200 25 "-" "Microsoft.AspNetCore.Http.Connections.Client/3.1.3"
127.0.0.1 - - [20/Jul/2020:15:13:05 +1000] "GET /core/eres?id=Qkz1n42aEN--Zczx--oisg HTTP/1.1" 200 156 "-" "Microsoft.AspNetCore.Http.Connections.Client/3.1.3"
192.168.0.34 - - [20/Jul/2020:15:13:06 +1000] "POST /core/eres?id=Pt6k2hJwvVJjSlQHH2gI0Q HTTP/1.1" 200 0 "-" "Dart/2.8 (dart:io)"
192.168.0.34 - - [20/Jul/2020:15:13:08 +1000] "POST /core/eres?id=Pt6k2hJwvVJjSlQHH2gI0Q HTTP/1.1" 200 0 "-" "Dart/2.8 (dart:io)"
192.168.0.34 - - [20/Jul/2020:15:13:10 +1000] "POST /core/eres?id=Pt6k2hJwvVJjSlQHH2gI0Q HTTP/1.1" 200 0 "-" "Dart/2.8 (dart:io)"
127.0.0.1 - - [20/Jul/2020:15:13:10 +1000] "POST /core/eres/negotiate?negotiateVersion=1 HTTP/1.1" 200 316 "-" "Microsoft.AspNetCore.Http.Connections.Client/3.1.3"
127.0.0.1 - - [20/Jul/2020:15:13:10 +1000] "POST /core/eres?id=ql2x2tlPVW8ruCu53f3WJg HTTP/1.1" 200 25 "-" "Microsoft.AspNetCore.Http.Connections.Client/3.1.3"
127.0.0.1 - - [20/Jul/2020:15:13:10 +1000] "POST /core/eres?id=ql2x2tlPVW8ruCu53f3WJg HTTP/1.1" 200 25 "-" "Microsoft.AspNetCore.Http.Connections.Client/3.1.3"
127.0.0.1 - - [20/Jul/2020:15:13:10 +1000] "POST /core/eres?id=ql2x2tlPVW8ruCu53f3WJg HTTP/1.1" 200 25 "-" "Microsoft.AspNetCore.Http.Connections.Client/3.1.3"
127.0.0.1 - - [20/Jul/2020:15:13:10 +1000] "GET /core/eres?id=ql2x2tlPVW8ruCu53f3WJg HTTP/1.1" 200 161 "-" "Microsoft.AspNetCore.Http.Connections.Client/3.1.3"
192.168.0.34 - - [20/Jul/2020:15:13:11 +1000] "POST /core/eres?id=Pt6k2hJwvVJjSlQHH2gI0Q HTTP/1.1" 200 0 "-" "Dart/2.8 (dart:io)"
192.168.0.34 - - [20/Jul/2020:15:13:13 +1000] "POST /core/eres?id=Pt6k2hJwvVJjSlQHH2gI0Q HTTP/1.1" 200 0 "-" "Dart/2.8 (dart:io)"
192.168.0.34 - - [20/Jul/2020:15:13:13 +1000] "POST /core/eres?id=Pt6k2hJwvVJjSlQHH2gI0Q HTTP/1.1" 200 0 "-" "Dart/2.8 (dart:io)"
127.0.0.1 - - [20/Jul/2020:15:13:13 +1000] "POST /core/eres/negotiate?negotiateVersion=1 HTTP/1.1" 200 316 "-" "Microsoft.AspNetCore.Http.Connections.Client/3.1.3"
127.0.0.1 - - [20/Jul/2020:15:13:13 +1000] "POST /core/eres?id=wHsxpyiY-HavjrRfmXotSg HTTP/1.1" 200 25 "-" "Microsoft.AspNetCore.Http.Connections.Client/3.1.3"
127.0.0.1 - - [20/Jul/2020:15:13:13 +1000] "POST /core/eres?id=wHsxpyiY-HavjrRfmXotSg HTTP/1.1" 200 25 "-" "Microsoft.AspNetCore.Http.Connections.Client/3.1.3"
127.0.0.1 - - [20/Jul/2020:15:13:13 +1000] "GET /core/eres?id=wHsxpyiY-HavjrRfmXotSg HTTP/1.1" 200 161 "-" "Microsoft.AspNetCore.Http.Connections.Client/3.1.3"
192.168.0.34 - - [20/Jul/2020:15:13:15 +1000] "POST /core/eres?id=Pt6k2hJwvVJjSlQHH2gI0Q HTTP/1.1" 200 0 "-" "Dart/2.8 (dart:io)"
192.168.0.34 - - [20/Jul/2020:15:13:17 +1000] "POST /core/eres?id=Pt6k2hJwvVJjSlQHH2gI0Q HTTP/1.1" 200 0 "-" "Dart/2.8 (dart:io)"
192.168.0.34 - - [20/Jul/2020:15:13:19 +1000] "POST /core/eres?id=Pt6k2hJwvVJjSlQHH2gI0Q HTTP/1.1" 200 0 "-" "Dart/2.8 (dart:io)"
192.168.0.34 - - [20/Jul/2020:15:13:21 +1000] "POST /core/eres?id=Pt6k2hJwvVJjSlQHH2gI0Q HTTP/1.1" 200 0 "-" "Dart/2.8 (dart:io)"
192.168.0.34 - - [20/Jul/2020:15:13:23 +1000] "POST /core/eres?id=Pt6k2hJwvVJjSlQHH2gI0Q HTTP/1.1" 200 0 "-" "Dart/2.8 (dart:io)"
127.0.0.1 - - [20/Jul/2020:15:13:24 +1000] "POST /core/eres/negotiate?negotiateVersion=1 HTTP/1.1" 200 316 "-" "Microsoft.AspNetCore.Http.Connections.Client/3.1.3"
127.0.0.1 - - [20/Jul/2020:15:13:24 +1000] "POST /core/eres?id=ooZSEkFCdbNMkjNNYgu06A HTTP/1.1" 200 25 "-" "Microsoft.AspNetCore.Http.Connections.Client/3.1.3"
127.0.0.1 - - [20/Jul/2020:15:13:24 +1000] "POST /core/eres?id=ooZSEkFCdbNMkjNNYgu06A HTTP/1.1" 200 25 "-" "Microsoft.AspNetCore.Http.Connections.Client/3.1.3"
127.0.0.1 - - [20/Jul/2020:15:13:24 +1000] "GET /core/eres?id=ooZSEkFCdbNMkjNNYgu06A HTTP/1.1" 200 156 "-" "Microsoft.AspNetCore.Http.Connections.Client/3.1.3"
192.168.0.34 - - [20/Jul/2020:15:13:25 +1000] "POST /core/eres?id=Pt6k2hJwvVJjSlQHH2gI0Q HTTP/1.1" 200 0 "-" "Dart/2.8 (dart:io)"
192.168.0.34 - - [20/Jul/2020:15:13:27 +1000] "POST /core/eres?id=Pt6k2hJwvVJjSlQHH2gI0Q HTTP/1.1" 200 0 "-" "Dart/2.8 (dart:io)"
192.168.0.34 - - [20/Jul/2020:15:13:29 +1000] "POST /core/eres?id=Pt6k2hJwvVJjSlQHH2gI0Q HTTP/1.1" 200 0 "-" "Dart/2.8 (dart:io)"
192.168.0.34 - - [20/Jul/2020:15:13:31 +1000] "POST /core/eres?id=Pt6k2hJwvVJjSlQHH2gI0Q HTTP/1.1" 200 0 "-" "Dart/2.8 (dart:io)"
192.168.0.34 - - [20/Jul/2020:15:13:32 +1000] "POST /core/eres?id=Pt6k2hJwvVJjSlQHH2gI0Q HTTP/1.1" 200 0 "-" "Dart/2.8 (dart:io)"
192.168.0.34 - - [20/Jul/2020:15:13:34 +1000] "POST /core/eres?id=Pt6k2hJwvVJjSlQHH2gI0Q HTTP/1.1" 200 0 "-" "Dart/2.8 (dart:io)"
192.168.0.34 - - [20/Jul/2020:15:13:36 +1000] "POST /core/eres?id=Pt6k2hJwvVJjSlQHH2gI0Q HTTP/1.1" 200 0 "-" "Dart/2.8 (dart:io)"
192.168.0.34 - - [20/Jul/2020:15:13:37 +1000] "POST /core/eres?id=Pt6k2hJwvVJjSlQHH2gI0Q HTTP/1.1" 200 0 "-" "Dart/2.8 (dart:io)"
127.0.0.1 - - [20/Jul/2020:15:13:37 +1000] "POST /core/eres/negotiate?negotiateVersion=1 HTTP/1.1" 200 316 "-" "Microsoft.AspNetCore.Http.Connections.Client/3.1.3"
127.0.0.1 - - [20/Jul/2020:15:13:37 +1000] "POST /core/eres?id=ZQrQlo16WqYpq6Qog1pJDA HTTP/1.1" 200 25 "-" "Microsoft.AspNetCore.Http.Connections.Client/3.1.3"
127.0.0.1 - - [20/Jul/2020:15:13:37 +1000] "POST /core/eres?id=ZQrQlo16WqYpq6Qog1pJDA HTTP/1.1" 200 25 "-" "Microsoft.AspNetCore.Http.Connections.Client/3.1.3"
127.0.0.1 - - [20/Jul/2020:15:13:37 +1000] "POST /core/eres?id=ZQrQlo16WqYpq6Qog1pJDA HTTP/1.1" 200 25 "-" "Microsoft.AspNetCore.Http.Connections.Client/3.1.3"
127.0.0.1 - - [20/Jul/2020:15:13:37 +1000] "GET /core/eres?id=ZQrQlo16WqYpq6Qog1pJDA HTTP/1.1" 200 161 "-" "Microsoft.AspNetCore.Http.Connections.Client/3.1.3"
127.0.0.1 - - [20/Jul/2020:15:13:38 +1000] "POST /core/eres/negotiate?negotiateVersion=1 HTTP/1.1" 200 316 "-" "Microsoft.AspNetCore.Http.Connections.Client/3.1.3"
127.0.0.1 - - [20/Jul/2020:15:13:38 +1000] "POST /core/eres?id=5mkl_3UvasUKEDAsOZ-FEw HTTP/1.1" 200 25 "-" "Microsoft.AspNetCore.Http.Connections.Client/3.1.3"
127.0.0.1 - - [20/Jul/2020:15:13:38 +1000] "POST /core/eres?id=5mkl_3UvasUKEDAsOZ-FEw HTTP/1.1" 200 25 "-" "Microsoft.AspNetCore.Http.Connections.Client/3.1.3"
127.0.0.1 - - [20/Jul/2020:15:13:38 +1000] "POST /core/eres?id=5mkl_3UvasUKEDAsOZ-FEw HTTP/1.1" 200 25 "-" "Microsoft.AspNetCore.Http.Connections.Client/3.1.3"
127.0.0.1 - - [20/Jul/2020:15:13:38 +1000] "GET /core/eres?id=5mkl_3UvasUKEDAsOZ-FEw HTTP/1.1" 200 156 "-" "Microsoft.AspNetCore.Http.Connections.Client/3.1.3"
192.168.0.34 - - [20/Jul/2020:15:13:39 +1000] "POST /core/eres?id=Pt6k2hJwvVJjSlQHH2gI0Q HTTP/1.1" 200 0 "-" "Dart/2.8 (dart:io)"
192.168.0.34 - - [20/Jul/2020:15:13:41 +1000] "POST /core/eres?id=Pt6k2hJwvVJjSlQHH2gI0Q HTTP/1.1" 200 0 "-" "Dart/2.8 (dart:io)"
192.168.0.34 - - [20/Jul/2020:15:13:43 +1000] "POST /core/eres?id=Pt6k2hJwvVJjSlQHH2gI0Q HTTP/1.1" 200 0 "-" "Dart/2.8 (dart:io)"
192.168.0.34 - - [20/Jul/2020:15:13:45 +1000] "POST /core/eres?id=Pt6k2hJwvVJjSlQHH2gI0Q HTTP/1.1" 200 0 "-" "Dart/2.8 (dart:io)"
192.168.0.34 - - [20/Jul/2020:15:13:47 +1000] "POST /core/eres?id=Pt6k2hJwvVJjSlQHH2gI0Q HTTP/1.1" 200 0 "-" "Dart/2.8 (dart:io)"
192.168.0.34 - - [20/Jul/2020:15:13:49 +1000] "POST /core/eres?id=Pt6k2hJwvVJjSlQHH2gI0Q HTTP/1.1" 200 0 "-" "Dart/2.8 (dart:io)"
192.168.0.34 - - [20/Jul/2020:15:13:51 +1000] "POST /core/eres?id=Pt6k2hJwvVJjSlQHH2gI0Q HTTP/1.1" 200 0 "-" "Dart/2.8 (dart:io)"
192.168.0.34 - - [20/Jul/2020:15:13:53 +1000] "POST /core/eres?id=Pt6k2hJwvVJjSlQHH2gI0Q HTTP/1.1" 200 0 "-" "Dart/2.8 (dart:io)"
192.168.0.34 - - [20/Jul/2020:15:13:55 +1000] "POST /core/eres?id=Pt6k2hJwvVJjSlQHH2gI0Q HTTP/1.1" 200 0 "-" "Dart/2.8 (dart:io)"
192.168.0.34 - - [20/Jul/2020:15:13:57 +1000] "POST /core/eres?id=Pt6k2hJwvVJjSlQHH2gI0Q HTTP/1.1" 200 0 "-" "Dart/2.8 (dart:io)"
192.168.0.34 - - [20/Jul/2020:15:13:59 +1000] "POST /core/eres?id=Pt6k2hJwvVJjSlQHH2gI0Q HTTP/1.1" 200 0 "-" "Dart/2.8 (dart:io)"
192.168.0.34 - - [20/Jul/2020:15:14:01 +1000] "POST /core/eres?id=Pt6k2hJwvVJjSlQHH2gI0Q HTTP/1.1" 200 0 "-" "Dart/2.8 (dart:io)"
192.168.0.34 - - [20/Jul/2020:15:14:03 +1000] "POST /core/eres?id=Pt6k2hJwvVJjSlQHH2gI0Q HTTP/1.1" 200 0 "-" "Dart/2.8 (dart:io)"
192.168.0.34 - - [20/Jul/2020:15:14:05 +1000] "POST /core/eres?id=Pt6k2hJwvVJjSlQHH2gI0Q HTTP/1.1" 200 0 "-" "Dart/2.8 (dart:io)"
192.168.0.34 - - [20/Jul/2020:15:14:07 +1000] "POST /core/eres?id=Pt6k2hJwvVJjSlQHH2gI0Q HTTP/1.1" 200 0 "-" "Dart/2.8 (dart:io)"
192.168.0.34 - - [20/Jul/2020:15:14:09 +1000] "POST /core/eres?id=Pt6k2hJwvVJjSlQHH2gI0Q HTTP/1.1" 200 0 "-" "Dart/2.8 (dart:io)"
192.168.0.34 - - [20/Jul/2020:15:14:10 +1000] "GET /core/eres?id=Pt6k2hJwvVJjSlQHH2gI0Q HTTP/1.1" 200 2782230 "-" "Dart/2.8 (dart:io)"
127.0.0.1 - - [20/Jul/2020:15:15:30 +1000] "POST /core/eres/negotiate?negotiateVersion=1 HTTP/1.1" 200 316 "-" "Microsoft.AspNetCore.Http.Connections.Client/3.1.3"
127.0.0.1 - - [20/Jul/2020:15:15:30 +1000] "POST /core/eres/negotiate?negotiateVersion=1 HTTP/1.1" 200 316 "-" "Microsoft.AspNetCore.Http.Connections.Client/3.1.3"
127.0.0.1 - - [20/Jul/2020:15:15:30 +1000] "POST /core/eres?id=hNGkqCJbis2-Sc4I5n5Lew HTTP/1.1" 200 25 "-" "Microsoft.AspNetCore.Http.Connections.Client/3.1.3"
127.0.0.1 - - [20/Jul/2020:15:15:30 +1000] "POST /core/eres?id=rmk84oT58GRMQpF1BAC0-A HTTP/1.1" 200 25 "-" "Microsoft.AspNetCore.Http.Connections.Client/3.1.3"
127.0.0.1 - - [20/Jul/2020:15:15:31 +1000] "POST /core/eres?id=hNGkqCJbis2-Sc4I5n5Lew HTTP/1.1" 200 25 "-" "Microsoft.AspNetCore.Http.Connections.Client/3.1.3"
127.0.0.1 - - [20/Jul/2020:15:15:31 +1000] "POST /core/eres?id=rmk84oT58GRMQpF1BAC0-A HTTP/1.1" 200 25 "-" "Microsoft.AspNetCore.Http.Connections.Client/3.1.3"
127.0.0.1 - - [20/Jul/2020:15:15:31 +1000] "POST /core/eres?id=rmk84oT58GRMQpF1BAC0-A HTTP/1.1" 200 25 "-" "Microsoft.AspNetCore.Http.Connections.Client/3.1.3"
127.0.0.1 - - [20/Jul/2020:15:15:31 +1000] "POST /core/eres?id=hNGkqCJbis2-Sc4I5n5Lew HTTP/1.1" 200 25 "-" "Microsoft.AspNetCore.Http.Connections.Client/3.1.3"
127.0.0.1 - - [20/Jul/2020:15:15:35 +1000] "GET /core/eres?id=rmk84oT58GRMQpF1BAC0-A HTTP/1.1" 200 156 "-" "Microsoft.AspNetCore.Http.Connections.Client/3.1.3"
127.0.0.1 - - [20/Jul/2020:15:15:35 +1000] "GET /core/eres?id=hNGkqCJbis2-Sc4I5n5Lew HTTP/1.1" 200 161 "-" "Microsoft.AspNetCore.Http.Connections.Client/3.1.3"
192.168.0.34 - - [20/Jul/2020:15:19:31 +1000] "POST /core/eres/negotiate HTTP/1.1" 200 273 "-" "Dart/2.8 (dart:io)"
192.168.0.34 - - [20/Jul/2020:15:19:31 +1000] "GET /core/eres?id=JmOoiVEKzHc1iVGraQqVRw HTTP/1.1" 200 0 "-" "Dart/2.8 (dart:io)"
192.168.0.34 - - [20/Jul/2020:15:19:31 +1000] "POST /core/eres/negotiate HTTP/1.1" 200 273 "-" "Dart/2.8 (dart:io)"
192.168.0.34 - - [20/Jul/2020:15:19:31 +1000] "POST /core/eres?id=TdKFNUE7ivZSP2OzQfbJmQ HTTP/1.1" 200 0 "-" "Dart/2.8 (dart:io)"
192.168.0.34 - - [20/Jul/2020:15:19:31 +1000] "POST /core/eres?id=TdKFNUE7ivZSP2OzQfbJmQ HTTP/1.1" 200 0 "-" "Dart/2.8 (dart:io)"
192.168.0.34 - - [20/Jul/2020:15:19:31 +1000] "POST /core/eres?id=TdKFNUE7ivZSP2OzQfbJmQ HTTP/1.1" 200 0 "-" "Dart/2.8 (dart:io)"
192.168.0.34 - - [20/Jul/2020:15:19:31 +1000] "POST /core/eres?id=TdKFNUE7ivZSP2OzQfbJmQ HTTP/1.1" 200 0 "-" "Dart/2.8 (dart:io)"
192.168.0.34 - - [20/Jul/2020:15:19:31 +1000] "POST /core/eres?id=TdKFNUE7ivZSP2OzQfbJmQ HTTP/1.1" 200 0 "-" "Dart/2.8 (dart:io)"
192.168.0.34 - - [20/Jul/2020:15:19:31 +1000] "POST /core/eres?id=TdKFNUE7ivZSP2OzQfbJmQ HTTP/1.1" 200 0 "-" "Dart/2.8 (dart:io)"
192.168.0.34 - - [20/Jul/2020:15:19:31 +1000] "POST /core/eres?id=TdKFNUE7ivZSP2OzQfbJmQ HTTP/1.1" 200 0 "-" "Dart/2.8 (dart:io)"
192.168.0.34 - - [20/Jul/2020:15:19:31 +1000] "POST /core/eres?id=TdKFNUE7ivZSP2OzQfbJmQ HTTP/1.1" 200 0 "-" "Dart/2.8 (dart:io)"
192.168.0.34 - - [20/Jul/2020:15:19:31 +1000] "POST /core/eres?id=TdKFNUE7ivZSP2OzQfbJmQ HTTP/1.1" 200 0 "-" "Dart/2.8 (dart:io)"
192.168.0.34 - - [20/Jul/2020:15:19:31 +1000] "POST /core/eres?id=TdKFNUE7ivZSP2OzQfbJmQ HTTP/1.1" 200 0 "-" "Dart/2.8 (dart:io)"
192.168.0.34 - - [20/Jul/2020:15:19:31 +1000] "POST /core/eres?id=TdKFNUE7ivZSP2OzQfbJmQ HTTP/1.1" 200 0 "-" "Dart/2.8 (dart:io)"
192.168.0.34 - - [20/Jul/2020:15:19:31 +1000] "POST /core/eres?id=TdKFNUE7ivZSP2OzQfbJmQ HTTP/1.1" 200 0 "-" "Dart/2.8 (dart:io)"
192.168.0.34 - - [20/Jul/2020:15:19:33 +1000] "POST /core/eres?id=TdKFNUE7ivZSP2OzQfbJmQ HTTP/1.1" 200 0 "-" "Dart/2.8 (dart:io)"
192.168.0.34 - - [20/Jul/2020:15:19:35 +1000] "POST /core/eres?id=TdKFNUE7ivZSP2OzQfbJmQ HTTP/1.1" 200 0 "-" "Dart/2.8 (dart:io)"
192.168.0.34 - - [20/Jul/2020:15:19:37 +1000] "POST /core/eres?id=TdKFNUE7ivZSP2OzQfbJmQ HTTP/1.1" 200 0 "-" "Dart/2.8 (dart:io)"
192.168.0.34 - - [20/Jul/2020:15:19:39 +1000] "POST /core/eres?id=TdKFNUE7ivZSP2OzQfbJmQ HTTP/1.1" 200 0 "-" "Dart/2.8 (dart:io)"
192.168.0.34 - - [20/Jul/2020:15:19:41 +1000] "POST /core/eres?id=TdKFNUE7ivZSP2OzQfbJmQ HTTP/1.1" 200 0 "-" "Dart/2.8 (dart:io)"
192.168.0.34 - - [20/Jul/2020:15:19:43 +1000] "POST /core/eres?id=TdKFNUE7ivZSP2OzQfbJmQ HTTP/1.1" 200 0 "-" "Dart/2.8 (dart:io)"
192.168.0.34 - - [20/Jul/2020:15:19:45 +1000] "POST /core/eres?id=TdKFNUE7ivZSP2OzQfbJmQ HTTP/1.1" 200 0 "-" "Dart/2.8 (dart:io)"
192.168.0.34 - - [20/Jul/2020:15:19:47 +1000] "POST /core/eres?id=TdKFNUE7ivZSP2OzQfbJmQ HTTP/1.1" 200 0 "-" "Dart/2.8 (dart:io)"
127.0.0.1 - - [20/Jul/2020:15:19:47 +1000] "POST /core/eres/negotiate?negotiateVersion=1 HTTP/1.1" 200 316 "-" "Microsoft.AspNetCore.Http.Connections.Client/3.1.3"
127.0.0.1 - - [20/Jul/2020:15:19:47 +1000] "POST /core/eres?id=t8sy6ivAWIZlt4t5N2OuFQ HTTP/1.1" 200 25 "-" "Microsoft.AspNetCore.Http.Connections.Client/3.1.3"
127.0.0.1 - - [20/Jul/2020:15:19:47 +1000] "POST /core/eres?id=t8sy6ivAWIZlt4t5N2OuFQ HTTP/1.1" 200 25 "-" "Microsoft.AspNetCore.Http.Connections.Client/3.1.3"
127.0.0.1 - - [20/Jul/2020:15:19:47 +1000] "POST /core/eres?id=t8sy6ivAWIZlt4t5N2OuFQ HTTP/1.1" 200 25 "-" "Microsoft.AspNetCore.Http.Connections.Client/3.1.3"
127.0.0.1 - - [20/Jul/2020:15:19:47 +1000] "GET /core/eres?id=t8sy6ivAWIZlt4t5N2OuFQ HTTP/1.1" 200 171 "-" "Microsoft.AspNetCore.Http.Connections.Client/3.1.3"
192.168.0.34 - - [20/Jul/2020:15:19:49 +1000] "POST /core/eres?id=TdKFNUE7ivZSP2OzQfbJmQ HTTP/1.1" 200 0 "-" "Dart/2.8 (dart:io)"
192.168.0.34 - - [20/Jul/2020:15:19:51 +1000] "POST /core/eres?id=TdKFNUE7ivZSP2OzQfbJmQ HTTP/1.1" 200 0 "-" "Dart/2.8 (dart:io)"
192.168.0.34 - - [20/Jul/2020:15:19:53 +1000] "POST /core/eres?id=TdKFNUE7ivZSP2OzQfbJmQ HTTP/1.1" 200 0 "-" "Dart/2.8 (dart:io)"
192.168.0.34 - - [20/Jul/2020:15:19:55 +1000] "POST /core/eres?id=TdKFNUE7ivZSP2OzQfbJmQ HTTP/1.1" 200 0 "-" "Dart/2.8 (dart:io)"
192.168.0.34 - - [20/Jul/2020:15:19:57 +1000] "POST /core/eres?id=TdKFNUE7ivZSP2OzQfbJmQ HTTP/1.1" 200 0 "-" "Dart/2.8 (dart:io)"
192.168.0.34 - - [20/Jul/2020:15:19:59 +1000] "POST /core/eres?id=TdKFNUE7ivZSP2OzQfbJmQ HTTP/1.1" 200 0 "-" "Dart/2.8 (dart:io)"
192.168.0.34 - - [20/Jul/2020:15:19:59 +1000] "POST /core/eres?id=TdKFNUE7ivZSP2OzQfbJmQ HTTP/1.1" 200 0 "-" "Dart/2.8 (dart:io)"
127.0.0.1 - - [20/Jul/2020:15:20:00 +1000] "POST /core/eres/negotiate?negotiateVersion=1 HTTP/1.1" 200 316 "-" "Microsoft.AspNetCore.Http.Connections.Client/3.1.3"
127.0.0.1 - - [20/Jul/2020:15:20:00 +1000] "POST /core/eres?id=fzSVVt_Lb8rMHTNWMmVKiQ HTTP/1.1" 200 25 "-" "Microsoft.AspNetCore.Http.Connections.Client/3.1.3"
127.0.0.1 - - [20/Jul/2020:15:20:00 +1000] "POST /core/eres?id=fzSVVt_Lb8rMHTNWMmVKiQ HTTP/1.1" 200 25 "-" "Microsoft.AspNetCore.Http.Connections.Client/3.1.3"
127.0.0.1 - - [20/Jul/2020:15:20:00 +1000] "POST /core/eres?id=fzSVVt_Lb8rMHTNWMmVKiQ HTTP/1.1" 200 25 "-" "Microsoft.AspNetCore.Http.Connections.Client/3.1.3"
127.0.0.1 - - [20/Jul/2020:15:20:00 +1000] "GET /core/eres?id=fzSVVt_Lb8rMHTNWMmVKiQ HTTP/1.1" 200 161 "-" "Microsoft.AspNetCore.Http.Connections.Client/3.1.3"
192.168.0.34 - - [20/Jul/2020:15:20:01 +1000] "POST /core/eres?id=TdKFNUE7ivZSP2OzQfbJmQ HTTP/1.1" 200 0 "-" "Dart/2.8 (dart:io)"
192.168.0.34 - - [20/Jul/2020:15:20:02 +1000] "POST /core/eres?id=TdKFNUE7ivZSP2OzQfbJmQ HTTP/1.1" 200 0 "-" "Dart/2.8 (dart:io)"
127.0.0.1 - - [20/Jul/2020:15:20:02 +1000] "POST /core/eres/negotiate?negotiateVersion=1 HTTP/1.1" 200 316 "-" "Microsoft.AspNetCore.Http.Connections.Client/3.1.3"
127.0.0.1 - - [20/Jul/2020:15:20:02 +1000] "POST /core/eres?id=IE8oY9iRHoURFt-ATfyo8A HTTP/1.1" 200 25 "-" "Microsoft.AspNetCore.Http.Connections.Client/3.1.3"
127.0.0.1 - - [20/Jul/2020:15:20:02 +1000] "POST /core/eres?id=IE8oY9iRHoURFt-ATfyo8A HTTP/1.1" 200 25 "-" "Microsoft.AspNetCore.Http.Connections.Client/3.1.3"
127.0.0.1 - - [20/Jul/2020:15:20:02 +1000] "POST /core/eres?id=IE8oY9iRHoURFt-ATfyo8A HTTP/1.1" 200 25 "-" "Microsoft.AspNetCore.Http.Connections.Client/3.1.3"
127.0.0.1 - - [20/Jul/2020:15:20:02 +1000] "GET /core/eres?id=IE8oY9iRHoURFt-ATfyo8A HTTP/1.1" 200 166 "-" "Microsoft.AspNetCore.Http.Connections.Client/3.1.3"
192.168.0.34 - - [20/Jul/2020:15:20:04 +1000] "POST /core/eres?id=TdKFNUE7ivZSP2OzQfbJmQ HTTP/1.1" 200 0 "-" "Dart/2.8 (dart:io)"
192.168.0.34 - - [20/Jul/2020:15:20:06 +1000] "POST /core/eres?id=TdKFNUE7ivZSP2OzQfbJmQ HTTP/1.1" 200 0 "-" "Dart/2.8 (dart:io)"
192.168.0.34 - - [20/Jul/2020:15:20:08 +1000] "POST /core/eres?id=TdKFNUE7ivZSP2OzQfbJmQ HTTP/1.1" 200 0 "-" "Dart/2.8 (dart:io)"
192.168.0.34 - - [20/Jul/2020:15:20:10 +1000] "POST /core/eres?id=TdKFNUE7ivZSP2OzQfbJmQ HTTP/1.1" 200 0 "-" "Dart/2.8 (dart:io)"
127.0.0.1 - - [20/Jul/2020:15:20:11 +1000] "POST /core/eres/negotiate?negotiateVersion=1 HTTP/1.1" 200 316 "-" "Microsoft.AspNetCore.Http.Connections.Client/3.1.3"
127.0.0.1 - - [20/Jul/2020:15:20:11 +1000] "POST /core/eres?id=KnlF7abYY9PgDvRoIdcERg HTTP/1.1" 200 25 "-" "Microsoft.AspNetCore.Http.Connections.Client/3.1.3"
127.0.0.1 - - [20/Jul/2020:15:20:11 +1000] "POST /core/eres?id=KnlF7abYY9PgDvRoIdcERg HTTP/1.1" 200 25 "-" "Microsoft.AspNetCore.Http.Connections.Client/3.1.3"
127.0.0.1 - - [20/Jul/2020:15:20:11 +1000] "POST /core/eres?id=KnlF7abYY9PgDvRoIdcERg HTTP/1.1" 200 25 "-" "Microsoft.AspNetCore.Http.Connections.Client/3.1.3"
127.0.0.1 - - [20/Jul/2020:15:20:11 +1000] "GET /core/eres?id=KnlF7abYY9PgDvRoIdcERg HTTP/1.1" 200 161 "-" "Microsoft.AspNetCore.Http.Connections.Client/3.1.3"
192.168.0.34 - - [20/Jul/2020:15:20:12 +1000] "POST /core/eres?id=TdKFNUE7ivZSP2OzQfbJmQ HTTP/1.1" 200 0 "-" "Dart/2.8 (dart:io)"
192.168.0.34 - - [20/Jul/2020:15:20:14 +1000] "POST /core/eres?id=TdKFNUE7ivZSP2OzQfbJmQ HTTP/1.1" 200 0 "-" "Dart/2.8 (dart:io)"
127.0.0.1 - - [20/Jul/2020:15:20:15 +1000] "POST /core/eres/negotiate?negotiateVersion=1 HTTP/1.1" 200 316 "-" "Microsoft.AspNetCore.Http.Connections.Client/3.1.3"
127.0.0.1 - - [20/Jul/2020:15:20:15 +1000] "POST /core/eres?id=FiDyh-hhoGtID7wKOJRhrw HTTP/1.1" 200 25 "-" "Microsoft.AspNetCore.Http.Connections.Client/3.1.3"
127.0.0.1 - - [20/Jul/2020:15:20:15 +1000] "POST /core/eres?id=FiDyh-hhoGtID7wKOJRhrw HTTP/1.1" 200 25 "-" "Microsoft.AspNetCore.Http.Connections.Client/3.1.3"
127.0.0.1 - - [20/Jul/2020:15:20:15 +1000] "POST /core/eres?id=FiDyh-hhoGtID7wKOJRhrw HTTP/1.1" 200 25 "-" "Microsoft.AspNetCore.Http.Connections.Client/3.1.3"
127.0.0.1 - - [20/Jul/2020:15:20:15 +1000] "GET /core/eres?id=FiDyh-hhoGtID7wKOJRhrw HTTP/1.1" 200 156 "-" "Microsoft.AspNetCore.Http.Connections.Client/3.1.3"
192.168.0.34 - - [20/Jul/2020:15:20:16 +1000] "POST /core/eres?id=TdKFNUE7ivZSP2OzQfbJmQ HTTP/1.1" 200 0 "-" "Dart/2.8 (dart:io)"
192.168.0.34 - - [20/Jul/2020:15:20:18 +1000] "POST /core/eres?id=TdKFNUE7ivZSP2OzQfbJmQ HTTP/1.1" 200 0 "-" "Dart/2.8 (dart:io)"
127.0.0.1 - - [20/Jul/2020:15:20:19 +1000] "POST /core/eres/negotiate?negotiateVersion=1 HTTP/1.1" 200 316 "-" "Microsoft.AspNetCore.Http.Connections.Client/3.1.3"
127.0.0.1 - - [20/Jul/2020:15:20:19 +1000] "POST /core/eres?id=1ga5YIk-bbSR9Dlha6S5fg HTTP/1.1" 200 25 "-" "Microsoft.AspNetCore.Http.Connections.Client/3.1.3"
127.0.0.1 - - [20/Jul/2020:15:20:19 +1000] "POST /core/eres?id=1ga5YIk-bbSR9Dlha6S5fg HTTP/1.1" 200 25 "-" "Microsoft.AspNetCore.Http.Connections.Client/3.1.3"
127.0.0.1 - - [20/Jul/2020:15:20:19 +1000] "POST /core/eres?id=1ga5YIk-bbSR9Dlha6S5fg HTTP/1.1" 200 25 "-" "Microsoft.AspNetCore.Http.Connections.Client/3.1.3"
127.0.0.1 - - [20/Jul/2020:15:20:19 +1000] "GET /core/eres?id=1ga5YIk-bbSR9Dlha6S5fg HTTP/1.1" 200 166 "-" "Microsoft.AspNetCore.Http.Connections.Client/3.1.3"
192.168.0.34 - - [20/Jul/2020:15:20:20 +1000] "POST /core/eres?id=TdKFNUE7ivZSP2OzQfbJmQ HTTP/1.1" 200 0 "-" "Dart/2.8 (dart:io)"
192.168.0.34 - - [20/Jul/2020:15:20:22 +1000] "POST /core/eres?id=TdKFNUE7ivZSP2OzQfbJmQ HTTP/1.1" 200 0 "-" "Dart/2.8 (dart:io)"
127.0.0.1 - - [20/Jul/2020:15:20:22 +1000] "POST /core/eres/negotiate?negotiateVersion=1 HTTP/1.1" 200 316 "-" "Microsoft.AspNetCore.Http.Connections.Client/3.1.3"
127.0.0.1 - - [20/Jul/2020:15:20:22 +1000] "POST /core/eres?id=wo3VDDwmalZ97UkgsS7x6Q HTTP/1.1" 200 25 "-" "Microsoft.AspNetCore.Http.Connections.Client/3.1.3"
127.0.0.1 - - [20/Jul/2020:15:20:22 +1000] "POST /core/eres?id=wo3VDDwmalZ97UkgsS7x6Q HTTP/1.1" 200 25 "-" "Microsoft.AspNetCore.Http.Connections.Client/3.1.3"
127.0.0.1 - - [20/Jul/2020:15:20:22 +1000] "GET /core/eres?id=wo3VDDwmalZ97UkgsS7x6Q HTTP/1.1" 200 156 "-" "Microsoft.AspNetCore.Http.Connections.Client/3.1.3"
192.168.0.34 - - [20/Jul/2020:15:20:24 +1000] "POST /core/eres?id=TdKFNUE7ivZSP2OzQfbJmQ HTTP/1.1" 200 0 "-" "Dart/2.8 (dart:io)"
192.168.0.34 - - [20/Jul/2020:15:20:26 +1000] "POST /core/eres?id=TdKFNUE7ivZSP2OzQfbJmQ HTTP/1.1" 200 0 "-" "Dart/2.8 (dart:io)"
192.168.0.34 - - [20/Jul/2020:15:20:28 +1000] "POST /core/eres?id=TdKFNUE7ivZSP2OzQfbJmQ HTTP/1.1" 200 0 "-" "Dart/2.8 (dart:io)"
192.168.0.34 - - [20/Jul/2020:15:20:30 +1000] "POST /core/eres?id=TdKFNUE7ivZSP2OzQfbJmQ HTTP/1.1" 200 0 "-" "Dart/2.8 (dart:io)"
192.168.0.34 - - [20/Jul/2020:15:20:32 +1000] "POST /core/eres?id=TdKFNUE7ivZSP2OzQfbJmQ HTTP/1.1" 200 0 "-" "Dart/2.8 (dart:io)"
192.168.0.34 - - [20/Jul/2020:15:20:34 +1000] "POST /core/eres?id=TdKFNUE7ivZSP2OzQfbJmQ HTTP/1.1" 200 0 "-" "Dart/2.8 (dart:io)"
192.168.0.34 - - [20/Jul/2020:15:20:36 +1000] "POST /core/eres?id=TdKFNUE7ivZSP2OzQfbJmQ HTTP/1.1" 200 0 "-" "Dart/2.8 (dart:io)"
192.168.0.34 - - [20/Jul/2020:15:20:38 +1000] "POST /core/eres?id=TdKFNUE7ivZSP2OzQfbJmQ HTTP/1.1" 200 0 "-" "Dart/2.8 (dart:io)"
192.168.0.34 - - [20/Jul/2020:15:20:40 +1000] "POST /core/eres?id=TdKFNUE7ivZSP2OzQfbJmQ HTTP/1.1" 200 0 "-" "Dart/2.8 (dart:io)"
192.168.0.34 - - [20/Jul/2020:15:20:42 +1000] "POST /core/eres?id=TdKFNUE7ivZSP2OzQfbJmQ HTTP/1.1" 200 0 "-" "Dart/2.8 (dart:io)"
192.168.0.34 - - [20/Jul/2020:15:20:44 +1000] "POST /core/eres?id=TdKFNUE7ivZSP2OzQfbJmQ HTTP/1.1" 200 0 "-" "Dart/2.8 (dart:io)"
192.168.0.34 - - [20/Jul/2020:15:20:46 +1000] "POST /core/eres?id=TdKFNUE7ivZSP2OzQfbJmQ HTTP/1.1" 200 0 "-" "Dart/2.8 (dart:io)"
192.168.0.34 - - [20/Jul/2020:15:20:48 +1000] "POST /core/eres?id=TdKFNUE7ivZSP2OzQfbJmQ HTTP/1.1" 200 0 "-" "Dart/2.8 (dart:io)"
192.168.0.34 - - [20/Jul/2020:15:20:50 +1000] "POST /core/eres?id=TdKFNUE7ivZSP2OzQfbJmQ HTTP/1.1" 200 0 "-" "Dart/2.8 (dart:io)"
192.168.0.34 - - [20/Jul/2020:15:20:52 +1000] "POST /core/eres?id=TdKFNUE7ivZSP2OzQfbJmQ HTTP/1.1" 200 0 "-" "Dart/2.8 (dart:io)"
192.168.0.34 - - [20/Jul/2020:15:20:54 +1000] "POST /core/eres?id=TdKFNUE7ivZSP2OzQfbJmQ HTTP/1.1" 200 0 "-" "Dart/2.8 (dart:io)"
192.168.0.34 - - [20/Jul/2020:15:20:56 +1000] "POST /core/eres?id=TdKFNUE7ivZSP2OzQfbJmQ HTTP/1.1" 200 0 "-" "Dart/2.8 (dart:io)"
192.168.0.34 - - [20/Jul/2020:15:20:58 +1000] "POST /core/eres?id=TdKFNUE7ivZSP2OzQfbJmQ HTTP/1.1" 200 0 "-" "Dart/2.8 (dart:io)"
192.168.0.34 - - [20/Jul/2020:15:21:00 +1000] "POST /core/eres?id=TdKFNUE7ivZSP2OzQfbJmQ HTTP/1.1" 200 0 "-" "Dart/2.8 (dart:io)"
192.168.0.34 - - [20/Jul/2020:15:21:02 +1000] "POST /core/eres?id=TdKFNUE7ivZSP2OzQfbJmQ HTTP/1.1" 200 0 "-" "Dart/2.8 (dart:io)"
192.168.0.34 - - [20/Jul/2020:15:21:04 +1000] "POST /core/eres?id=TdKFNUE7ivZSP2OzQfbJmQ HTTP/1.1" 200 0 "-" "Dart/2.8 (dart:io)"
192.168.0.34 - - [20/Jul/2020:15:21:06 +1000] "POST /core/eres?id=TdKFNUE7ivZSP2OzQfbJmQ HTTP/1.1" 200 0 "-" "Dart/2.8 (dart:io)"
192.168.0.34 - - [20/Jul/2020:15:21:08 +1000] "POST /core/eres?id=TdKFNUE7ivZSP2OzQfbJmQ HTTP/1.1" 200 0 "-" "Dart/2.8 (dart:io)"
192.168.0.34 - - [20/Jul/2020:15:21:10 +1000] "POST /core/eres?id=TdKFNUE7ivZSP2OzQfbJmQ HTTP/1.1" 200 0 "-" "Dart/2.8 (dart:io)"
192.168.0.34 - - [20/Jul/2020:15:21:12 +1000] "POST /core/eres?id=TdKFNUE7ivZSP2OzQfbJmQ HTTP/1.1" 200 0 "-" "Dart/2.8 (dart:io)"
192.168.0.34 - - [20/Jul/2020:15:21:14 +1000] "POST /core/eres?id=TdKFNUE7ivZSP2OzQfbJmQ HTTP/1.1" 200 0 "-" "Dart/2.8 (dart:io)"
192.168.0.34 - - [20/Jul/2020:15:21:16 +1000] "POST /core/eres?id=TdKFNUE7ivZSP2OzQfbJmQ HTTP/1.1" 200 0 "-" "Dart/2.8 (dart:io)"
192.168.0.34 - - [20/Jul/2020:15:21:18 +1000] "POST /core/eres?id=TdKFNUE7ivZSP2OzQfbJmQ HTTP/1.1" 200 0 "-" "Dart/2.8 (dart:io)"
192.168.0.34 - - [20/Jul/2020:15:21:18 +1000] "GET /core/eres?id=TdKFNUE7ivZSP2OzQfbJmQ HTTP/1.1" 200 2656590 "-" "Dart/2.8 (dart:io)"
192.168.0.34 - - [20/Jul/2020:15:21:20 +1000] "POST /core/eres/negotiate HTTP/1.1" 200 273 "-" "Dart/2.8 (dart:io)"
192.168.0.34 - - [20/Jul/2020:15:21:20 +1000] "GET /core/eres?id=jaxLEOOI7jUZVBTxnR_G3g HTTP/1.1" 200 0 "-" "Dart/2.8 (dart:io)"
192.168.0.34 - - [20/Jul/2020:15:21:20 +1000] "POST /core/eres/negotiate HTTP/1.1" 200 273 "-" "Dart/2.8 (dart:io)"
192.168.0.34 - - [20/Jul/2020:15:21:20 +1000] "POST /core/eres?id=PIjUgFJ0FKvyFxkG20fZRQ HTTP/1.1" 200 0 "-" "Dart/2.8 (dart:io)"
192.168.0.34 - - [20/Jul/2020:15:21:20 +1000] "POST /core/eres?id=PIjUgFJ0FKvyFxkG20fZRQ HTTP/1.1" 200 0 "-" "Dart/2.8 (dart:io)"
192.168.0.34 - - [20/Jul/2020:15:21:20 +1000] "POST /core/eres?id=PIjUgFJ0FKvyFxkG20fZRQ HTTP/1.1" 200 0 "-" "Dart/2.8 (dart:io)"
192.168.0.34 - - [20/Jul/2020:15:21:20 +1000] "POST /core/eres?id=PIjUgFJ0FKvyFxkG20fZRQ HTTP/1.1" 200 0 "-" "Dart/2.8 (dart:io)"
192.168.0.34 - - [20/Jul/2020:15:21:20 +1000] "POST /core/eres?id=PIjUgFJ0FKvyFxkG20fZRQ HTTP/1.1" 200 0 "-" "Dart/2.8 (dart:io)"
192.168.0.34 - - [20/Jul/2020:15:21:20 +1000] "POST /core/eres?id=PIjUgFJ0FKvyFxkG20fZRQ HTTP/1.1" 200 0 "-" "Dart/2.8 (dart:io)"
192.168.0.34 - - [20/Jul/2020:15:21:20 +1000] "POST /core/eres?id=PIjUgFJ0FKvyFxkG20fZRQ HTTP/1.1" 200 0 "-" "Dart/2.8 (dart:io)"
192.168.0.34 - - [20/Jul/2020:15:21:20 +1000] "POST /core/eres?id=PIjUgFJ0FKvyFxkG20fZRQ HTTP/1.1" 200 0 "-" "Dart/2.8 (dart:io)"
192.168.0.34 - - [20/Jul/2020:15:21:20 +1000] "POST /core/eres?id=PIjUgFJ0FKvyFxkG20fZRQ HTTP/1.1" 200 0 "-" "Dart/2.8 (dart:io)"
192.168.0.34 - - [20/Jul/2020:15:21:20 +1000] "POST /core/eres?id=PIjUgFJ0FKvyFxkG20fZRQ HTTP/1.1" 200 0 "-" "Dart/2.8 (dart:io)"
192.168.0.34 - - [20/Jul/2020:15:21:20 +1000] "POST /core/eres?id=PIjUgFJ0FKvyFxkG20fZRQ HTTP/1.1" 200 0 "-" "Dart/2.8 (dart:io)"
192.168.0.34 - - [20/Jul/2020:15:21:20 +1000] "POST /core/eres?id=PIjUgFJ0FKvyFxkG20fZRQ HTTP/1.1" 200 0 "-" "Dart/2.8 (dart:io)"
192.168.0.34 - - [20/Jul/2020:15:21:22 +1000] "POST /core/eres?id=PIjUgFJ0FKvyFxkG20fZRQ HTTP/1.1" 200 0 "-" "Dart/2.8 (dart:io)"
192.168.0.34 - - [20/Jul/2020:15:21:24 +1000] "POST /core/eres?id=PIjUgFJ0FKvyFxkG20fZRQ HTTP/1.1" 200 0 "-" "Dart/2.8 (dart:io)"
192.168.0.34 - - [20/Jul/2020:15:21:26 +1000] "POST /core/eres?id=PIjUgFJ0FKvyFxkG20fZRQ HTTP/1.1" 200 0 "-" "Dart/2.8 (dart:io)"
192.168.0.34 - - [20/Jul/2020:15:21:28 +1000] "POST /core/eres?id=PIjUgFJ0FKvyFxkG20fZRQ HTTP/1.1" 200 0 "-" "Dart/2.8 (dart:io)"
127.0.0.1 - - [20/Jul/2020:15:21:29 +1000] "POST /core/eres/negotiate?negotiateVersion=1 HTTP/1.1" 200 316 "-" "Microsoft.AspNetCore.Http.Connections.Client/3.1.3"
127.0.0.1 - - [20/Jul/2020:15:21:29 +1000] "POST /core/eres?id=XrML_Q-rKdWqnMmvRxRyWw HTTP/1.1" 200 25 "-" "Microsoft.AspNetCore.Http.Connections.Client/3.1.3"
127.0.0.1 - - [20/Jul/2020:15:21:29 +1000] "POST /core/eres?id=XrML_Q-rKdWqnMmvRxRyWw HTTP/1.1" 200 25 "-" "Microsoft.AspNetCore.Http.Connections.Client/3.1.3"
127.0.0.1 - - [20/Jul/2020:15:21:29 +1000] "POST /core/eres?id=XrML_Q-rKdWqnMmvRxRyWw HTTP/1.1" 200 25 "-" "Microsoft.AspNetCore.Http.Connections.Client/3.1.3"
127.0.0.1 - - [20/Jul/2020:15:21:29 +1000] "GET /core/eres?id=XrML_Q-rKdWqnMmvRxRyWw HTTP/1.1" 200 161 "-" "Microsoft.AspNetCore.Http.Connections.Client/3.1.3"
192.168.0.34 - - [20/Jul/2020:15:21:30 +1000] "POST /core/eres?id=PIjUgFJ0FKvyFxkG20fZRQ HTTP/1.1" 200 0 "-" "Dart/2.8 (dart:io)"
127.0.0.1 - - [20/Jul/2020:15:21:30 +1000] "POST /core/eres/negotiate?negotiateVersion=1 HTTP/1.1" 200 316 "-" "Microsoft.AspNetCore.Http.Connections.Client/3.1.3"
127.0.0.1 - - [20/Jul/2020:15:21:30 +1000] "POST /core/eres?id=_Q-FOot2A_igd7iz_KJhmw HTTP/1.1" 200 25 "-" "Microsoft.AspNetCore.Http.Connections.Client/3.1.3"
127.0.0.1 - - [20/Jul/2020:15:21:30 +1000] "POST /core/eres?id=_Q-FOot2A_igd7iz_KJhmw HTTP/1.1" 200 25 "-" "Microsoft.AspNetCore.Http.Connections.Client/3.1.3"
127.0.0.1 - - [20/Jul/2020:15:21:30 +1000] "POST /core/eres?id=_Q-FOot2A_igd7iz_KJhmw HTTP/1.1" 200 25 "-" "Microsoft.AspNetCore.Http.Connections.Client/3.1.3"
127.0.0.1 - - [20/Jul/2020:15:21:31 +1000] "GET /core/eres?id=_Q-FOot2A_igd7iz_KJhmw HTTP/1.1" 200 156 "-" "Microsoft.AspNetCore.Http.Connections.Client/3.1.3"
127.0.0.1 - - [20/Jul/2020:15:21:32 +1000] "POST /core/eres/negotiate?negotiateVersion=1 HTTP/1.1" 200 316 "-" "Microsoft.AspNetCore.Http.Connections.Client/3.1.3"
127.0.0.1 - - [20/Jul/2020:15:21:32 +1000] "POST /core/eres?id=mb0o-P4pJjNLcqqZtClZ6A HTTP/1.1" 200 25 "-" "Microsoft.AspNetCore.Http.Connections.Client/3.1.3"
127.0.0.1 - - [20/Jul/2020:15:21:32 +1000] "POST /core/eres?id=mb0o-P4pJjNLcqqZtClZ6A HTTP/1.1" 200 25 "-" "Microsoft.AspNetCore.Http.Connections.Client/3.1.3"
127.0.0.1 - - [20/Jul/2020:15:21:32 +1000] "POST /core/eres?id=mb0o-P4pJjNLcqqZtClZ6A HTTP/1.1" 200 25 "-" "Microsoft.AspNetCore.Http.Connections.Client/3.1.3"
127.0.0.1 - - [20/Jul/2020:15:21:32 +1000] "GET /core/eres?id=mb0o-P4pJjNLcqqZtClZ6A HTTP/1.1" 200 156 "-" "Microsoft.AspNetCore.Http.Connections.Client/3.1.3"
192.168.0.34 - - [20/Jul/2020:15:21:32 +1000] "POST /core/eres?id=PIjUgFJ0FKvyFxkG20fZRQ HTTP/1.1" 200 0 "-" "Dart/2.8 (dart:io)"
127.0.0.1 - - [20/Jul/2020:15:21:33 +1000] "POST /core/eres/negotiate?negotiateVersion=1 HTTP/1.1" 200 316 "-" "Microsoft.AspNetCore.Http.Connections.Client/3.1.3"
127.0.0.1 - - [20/Jul/2020:15:21:33 +1000] "POST /core/eres?id=KZ3Q5fJbxkxGer7YfcRCXw HTTP/1.1" 200 25 "-" "Microsoft.AspNetCore.Http.Connections.Client/3.1.3"
127.0.0.1 - - [20/Jul/2020:15:21:33 +1000] "POST /core/eres?id=KZ3Q5fJbxkxGer7YfcRCXw HTTP/1.1" 200 25 "-" "Microsoft.AspNetCore.Http.Connections.Client/3.1.3"
127.0.0.1 - - [20/Jul/2020:15:21:33 +1000] "POST /core/eres?id=KZ3Q5fJbxkxGer7YfcRCXw HTTP/1.1" 200 25 "-" "Microsoft.AspNetCore.Http.Connections.Client/3.1.3"
127.0.0.1 - - [20/Jul/2020:15:21:33 +1000] "GET /core/eres?id=KZ3Q5fJbxkxGer7YfcRCXw HTTP/1.1" 200 156 "-" "Microsoft.AspNetCore.Http.Connections.Client/3.1.3"
192.168.0.34 - - [20/Jul/2020:15:21:34 +1000] "POST /core/eres?id=PIjUgFJ0FKvyFxkG20fZRQ HTTP/1.1" 200 0 "-" "Dart/2.8 (dart:io)"
127.0.0.1 - - [20/Jul/2020:15:21:34 +1000] "POST /core/eres/negotiate?negotiateVersion=1 HTTP/1.1" 200 316 "-" "Microsoft.AspNetCore.Http.Connections.Client/3.1.3"
127.0.0.1 - - [20/Jul/2020:15:21:34 +1000] "POST /core/eres?id=lycovRglN_OOxHsP-DMCxw HTTP/1.1" 200 25 "-" "Microsoft.AspNetCore.Http.Connections.Client/3.1.3"
127.0.0.1 - - [20/Jul/2020:15:21:34 +1000] "POST /core/eres?id=lycovRglN_OOxHsP-DMCxw HTTP/1.1" 200 25 "-" "Microsoft.AspNetCore.Http.Connections.Client/3.1.3"
127.0.0.1 - - [20/Jul/2020:15:21:34 +1000] "GET /core/eres?id=lycovRglN_OOxHsP-DMCxw HTTP/1.1" 200 161 "-" "Microsoft.AspNetCore.Http.Connections.Client/3.1.3"
192.168.0.34 - - [20/Jul/2020:15:21:36 +1000] "POST /core/eres?id=PIjUgFJ0FKvyFxkG20fZRQ HTTP/1.1" 200 0 "-" "Dart/2.8 (dart:io)"
127.0.0.1 - - [20/Jul/2020:15:21:36 +1000] "POST /core/eres/negotiate?negotiateVersion=1 HTTP/1.1" 200 316 "-" "Microsoft.AspNetCore.Http.Connections.Client/3.1.3"
127.0.0.1 - - [20/Jul/2020:15:21:36 +1000] "POST /core/eres?id=g-gWZyehfrsh3wNU4u44bA HTTP/1.1" 200 25 "-" "Microsoft.AspNetCore.Http.Connections.Client/3.1.3"
127.0.0.1 - - [20/Jul/2020:15:21:36 +1000] "POST /core/eres?id=g-gWZyehfrsh3wNU4u44bA HTTP/1.1" 200 25 "-" "Microsoft.AspNetCore.Http.Connections.Client/3.1.3"
127.0.0.1 - - [20/Jul/2020:15:21:36 +1000] "POST /core/eres?id=g-gWZyehfrsh3wNU4u44bA HTTP/1.1" 200 25 "-" "Microsoft.AspNetCore.Http.Connections.Client/3.1.3"
127.0.0.1 - - [20/Jul/2020:15:21:36 +1000] "GET /core/eres?id=g-gWZyehfrsh3wNU4u44bA HTTP/1.1" 200 156 "-" "Microsoft.AspNetCore.Http.Connections.Client/3.1.3"
127.0.0.1 - - [20/Jul/2020:15:21:38 +1000] "POST /core/eres/negotiate?negotiateVersion=1 HTTP/1.1" 200 316 "-" "Microsoft.AspNetCore.Http.Connections.Client/3.1.3"
127.0.0.1 - - [20/Jul/2020:15:21:38 +1000] "POST /core/eres?id=xrfd4bJYDQNypZ_CCJUITQ HTTP/1.1" 200 25 "-" "Microsoft.AspNetCore.Http.Connections.Client/3.1.3"
127.0.0.1 - - [20/Jul/2020:15:21:38 +1000] "POST /core/eres?id=xrfd4bJYDQNypZ_CCJUITQ HTTP/1.1" 200 25 "-" "Microsoft.AspNetCore.Http.Connections.Client/3.1.3"
127.0.0.1 - - [20/Jul/2020:15:21:38 +1000] "POST /core/eres?id=xrfd4bJYDQNypZ_CCJUITQ HTTP/1.1" 200 25 "-" "Microsoft.AspNetCore.Http.Connections.Client/3.1.3"
127.0.0.1 - - [20/Jul/2020:15:21:38 +1000] "GET /core/eres?id=xrfd4bJYDQNypZ_CCJUITQ HTTP/1.1" 200 156 "-" "Microsoft.AspNetCore.Http.Connections.Client/3.1.3"
192.168.0.34 - - [20/Jul/2020:15:21:38 +1000] "POST /core/eres?id=PIjUgFJ0FKvyFxkG20fZRQ HTTP/1.1" 200 0 "-" "Dart/2.8 (dart:io)"
127.0.0.1 - - [20/Jul/2020:15:21:39 +1000] "POST /core/eres/negotiate?negotiateVersion=1 HTTP/1.1" 200 316 "-" "Microsoft.AspNetCore.Http.Connections.Client/3.1.3"
127.0.0.1 - - [20/Jul/2020:15:21:39 +1000] "POST /core/eres?id=nNM4I339yqiddTO1BRfU1Q HTTP/1.1" 200 25 "-" "Microsoft.AspNetCore.Http.Connections.Client/3.1.3"
127.0.0.1 - - [20/Jul/2020:15:21:39 +1000] "POST /core/eres?id=nNM4I339yqiddTO1BRfU1Q HTTP/1.1" 200 25 "-" "Microsoft.AspNetCore.Http.Connections.Client/3.1.3"
127.0.0.1 - - [20/Jul/2020:15:21:39 +1000] "POST /core/eres?id=nNM4I339yqiddTO1BRfU1Q HTTP/1.1" 200 25 "-" "Microsoft.AspNetCore.Http.Connections.Client/3.1.3"
127.0.0.1 - - [20/Jul/2020:15:21:39 +1000] "GET /core/eres?id=nNM4I339yqiddTO1BRfU1Q HTTP/1.1" 200 156 "-" "Microsoft.AspNetCore.Http.Connections.Client/3.1.3"
192.168.0.34 - - [20/Jul/2020:15:21:40 +1000] "POST /core/eres?id=PIjUgFJ0FKvyFxkG20fZRQ HTTP/1.1" 200 0 "-" "Dart/2.8 (dart:io)"
127.0.0.1 - - [20/Jul/2020:15:21:41 +1000] "POST /core/eres/negotiate?negotiateVersion=1 HTTP/1.1" 200 316 "-" "Microsoft.AspNetCore.Http.Connections.Client/3.1.3"
127.0.0.1 - - [20/Jul/2020:15:21:41 +1000] "POST /core/eres?id=SLyCa5KYDBehADX2zPkTqg HTTP/1.1" 200 25 "-" "Microsoft.AspNetCore.Http.Connections.Client/3.1.3"
127.0.0.1 - - [20/Jul/2020:15:21:41 +1000] "POST /core/eres?id=SLyCa5KYDBehADX2zPkTqg HTTP/1.1" 200 25 "-" "Microsoft.AspNetCore.Http.Connections.Client/3.1.3"
127.0.0.1 - - [20/Jul/2020:15:21:42 +1000] "GET /core/eres?id=SLyCa5KYDBehADX2zPkTqg HTTP/1.1" 200 156 "-" "Microsoft.AspNetCore.Http.Connections.Client/3.1.3"
192.168.0.34 - - [20/Jul/2020:15:21:42 +1000] "POST /core/eres?id=PIjUgFJ0FKvyFxkG20fZRQ HTTP/1.1" 200 0 "-" "Dart/2.8 (dart:io)"
127.0.0.1 - - [20/Jul/2020:15:21:44 +1000] "POST /core/eres/negotiate?negotiateVersion=1 HTTP/1.1" 200 316 "-" "Microsoft.AspNetCore.Http.Connections.Client/3.1.3"
127.0.0.1 - - [20/Jul/2020:15:21:44 +1000] "POST /core/eres?id=h3SckP3_YM63CKiaqZwaaQ HTTP/1.1" 200 25 "-" "Microsoft.AspNetCore.Http.Connections.Client/3.1.3"
127.0.0.1 - - [20/Jul/2020:15:21:44 +1000] "POST /core/eres?id=h3SckP3_YM63CKiaqZwaaQ HTTP/1.1" 200 25 "-" "Microsoft.AspNetCore.Http.Connections.Client/3.1.3"
127.0.0.1 - - [20/Jul/2020:15:21:44 +1000] "POST /core/eres?id=h3SckP3_YM63CKiaqZwaaQ HTTP/1.1" 200 25 "-" "Microsoft.AspNetCore.Http.Connections.Client/3.1.3"
127.0.0.1 - - [20/Jul/2020:15:21:44 +1000] "GET /core/eres?id=h3SckP3_YM63CKiaqZwaaQ HTTP/1.1" 200 161 "-" "Microsoft.AspNetCore.Http.Connections.Client/3.1.3"
192.168.0.34 - - [20/Jul/2020:15:21:44 +1000] "POST /core/eres?id=PIjUgFJ0FKvyFxkG20fZRQ HTTP/1.1" 200 0 "-" "Dart/2.8 (dart:io)"
127.0.0.1 - - [20/Jul/2020:15:21:45 +1000] "POST /core/eres/negotiate?negotiateVersion=1 HTTP/1.1" 200 316 "-" "Microsoft.AspNetCore.Http.Connections.Client/3.1.3"
127.0.0.1 - - [20/Jul/2020:15:21:45 +1000] "POST /core/eres?id=BoXyZ-QK3AZPQY7bd-nSxg HTTP/1.1" 200 25 "-" "Microsoft.AspNetCore.Http.Connections.Client/3.1.3"
127.0.0.1 - - [20/Jul/2020:15:21:45 +1000] "POST /core/eres?id=BoXyZ-QK3AZPQY7bd-nSxg HTTP/1.1" 200 25 "-" "Microsoft.AspNetCore.Http.Connections.Client/3.1.3"
127.0.0.1 - - [20/Jul/2020:15:21:45 +1000] "POST /core/eres?id=BoXyZ-QK3AZPQY7bd-nSxg HTTP/1.1" 200 25 "-" "Microsoft.AspNetCore.Http.Connections.Client/3.1.3"
127.0.0.1 - - [20/Jul/2020:15:21:45 +1000] "GET /core/eres?id=BoXyZ-QK3AZPQY7bd-nSxg HTTP/1.1" 200 161 "-" "Microsoft.AspNetCore.Http.Connections.Client/3.1.3"
192.168.0.34 - - [20/Jul/2020:15:21:46 +1000] "POST /core/eres?id=PIjUgFJ0FKvyFxkG20fZRQ HTTP/1.1" 200 0 "-" "Dart/2.8 (dart:io)"
127.0.0.1 - - [20/Jul/2020:15:21:47 +1000] "POST /core/eres/negotiate?negotiateVersion=1 HTTP/1.1" 200 316 "-" "Microsoft.AspNetCore.Http.Connections.Client/3.1.3"
127.0.0.1 - - [20/Jul/2020:15:21:47 +1000] "POST /core/eres?id=4mCExm1qIlZ3em2WJ6yy5A HTTP/1.1" 200 25 "-" "Microsoft.AspNetCore.Http.Connections.Client/3.1.3"
127.0.0.1 - - [20/Jul/2020:15:21:47 +1000] "POST /core/eres?id=4mCExm1qIlZ3em2WJ6yy5A HTTP/1.1" 200 25 "-" "Microsoft.AspNetCore.Http.Connections.Client/3.1.3"
127.0.0.1 - - [20/Jul/2020:15:21:47 +1000] "POST /core/eres?id=4mCExm1qIlZ3em2WJ6yy5A HTTP/1.1" 200 25 "-" "Microsoft.AspNetCore.Http.Connections.Client/3.1.3"
127.0.0.1 - - [20/Jul/2020:15:21:47 +1000] "GET /core/eres?id=4mCExm1qIlZ3em2WJ6yy5A HTTP/1.1" 200 161 "-" "Microsoft.AspNetCore.Http.Connections.Client/3.1.3"
192.168.0.34 - - [20/Jul/2020:15:21:48 +1000] "POST /core/eres?id=PIjUgFJ0FKvyFxkG20fZRQ HTTP/1.1" 200 0 "-" "Dart/2.8 (dart:io)"
192.168.0.34 - - [20/Jul/2020:15:21:50 +1000] "POST /core/eres?id=PIjUgFJ0FKvyFxkG20fZRQ HTTP/1.1" 200 0 "-" "Dart/2.8 (dart:io)"
127.0.0.1 - - [20/Jul/2020:15:21:51 +1000] "POST /core/eres/negotiate?negotiateVersion=1 HTTP/1.1" 200 316 "-" "Microsoft.AspNetCore.Http.Connections.Client/3.1.3"
127.0.0.1 - - [20/Jul/2020:15:21:51 +1000] "POST /core/eres?id=wR9Z3RV8USlFrIoYPJTHJQ HTTP/1.1" 200 25 "-" "Microsoft.AspNetCore.Http.Connections.Client/3.1.3"
127.0.0.1 - - [20/Jul/2020:15:21:51 +1000] "POST /core/eres?id=wR9Z3RV8USlFrIoYPJTHJQ HTTP/1.1" 200 25 "-" "Microsoft.AspNetCore.Http.Connections.Client/3.1.3"
127.0.0.1 - - [20/Jul/2020:15:21:51 +1000] "POST /core/eres?id=wR9Z3RV8USlFrIoYPJTHJQ HTTP/1.1" 200 25 "-" "Microsoft.AspNetCore.Http.Connections.Client/3.1.3"
127.0.0.1 - - [20/Jul/2020:15:21:51 +1000] "GET /core/eres?id=wR9Z3RV8USlFrIoYPJTHJQ HTTP/1.1" 200 156 "-" "Microsoft.AspNetCore.Http.Connections.Client/3.1.3"
127.0.0.1 - - [20/Jul/2020:15:21:52 +1000] "POST /core/eres/negotiate?negotiateVersion=1 HTTP/1.1" 200 316 "-" "Microsoft.AspNetCore.Http.Connections.Client/3.1.3"
127.0.0.1 - - [20/Jul/2020:15:21:52 +1000] "POST /core/eres?id=UehEXQMvnEy9Am3rvxYtbg HTTP/1.1" 200 25 "-" "Microsoft.AspNetCore.Http.Connections.Client/3.1.3"
127.0.0.1 - - [20/Jul/2020:15:21:52 +1000] "POST /core/eres?id=UehEXQMvnEy9Am3rvxYtbg HTTP/1.1" 200 25 "-" "Microsoft.AspNetCore.Http.Connections.Client/3.1.3"
127.0.0.1 - - [20/Jul/2020:15:21:52 +1000] "POST /core/eres?id=UehEXQMvnEy9Am3rvxYtbg HTTP/1.1" 200 25 "-" "Microsoft.AspNetCore.Http.Connections.Client/3.1.3"
127.0.0.1 - - [20/Jul/2020:15:21:52 +1000] "GET /core/eres?id=UehEXQMvnEy9Am3rvxYtbg HTTP/1.1" 200 141 "-" "Microsoft.AspNetCore.Http.Connections.Client/3.1.3"
192.168.0.34 - - [20/Jul/2020:15:21:52 +1000] "POST /core/eres?id=PIjUgFJ0FKvyFxkG20fZRQ HTTP/1.1" 200 0 "-" "Dart/2.8 (dart:io)"
127.0.0.1 - - [20/Jul/2020:15:21:53 +1000] "POST /core/eres/negotiate?negotiateVersion=1 HTTP/1.1" 200 316 "-" "Microsoft.AspNetCore.Http.Connections.Client/3.1.3"
127.0.0.1 - - [20/Jul/2020:15:21:53 +1000] "POST /core/eres?id=8o2LN_eNwf85AC5GftKfcg HTTP/1.1" 200 25 "-" "Microsoft.AspNetCore.Http.Connections.Client/3.1.3"
127.0.0.1 - - [20/Jul/2020:15:21:53 +1000] "POST /core/eres?id=8o2LN_eNwf85AC5GftKfcg HTTP/1.1" 200 25 "-" "Microsoft.AspNetCore.Http.Connections.Client/3.1.3"
127.0.0.1 - - [20/Jul/2020:15:21:53 +1000] "POST /core/eres?id=8o2LN_eNwf85AC5GftKfcg HTTP/1.1" 200 25 "-" "Microsoft.AspNetCore.Http.Connections.Client/3.1.3"
127.0.0.1 - - [20/Jul/2020:15:21:53 +1000] "GET /core/eres?id=8o2LN_eNwf85AC5GftKfcg HTTP/1.1" 200 156 "-" "Microsoft.AspNetCore.Http.Connections.Client/3.1.3"
192.168.0.34 - - [20/Jul/2020:15:21:54 +1000] "POST /core/eres?id=PIjUgFJ0FKvyFxkG20fZRQ HTTP/1.1" 200 0 "-" "Dart/2.8 (dart:io)"
127.0.0.1 - - [20/Jul/2020:15:21:55 +1000] "POST /core/eres/negotiate?negotiateVersion=1 HTTP/1.1" 200 316 "-" "Microsoft.AspNetCore.Http.Connections.Client/3.1.3"
127.0.0.1 - - [20/Jul/2020:15:21:55 +1000] "POST /core/eres?id=ugvseRfK1sibMQDs6nfqTQ HTTP/1.1" 200 25 "-" "Microsoft.AspNetCore.Http.Connections.Client/3.1.3"
127.0.0.1 - - [20/Jul/2020:15:21:55 +1000] "POST /core/eres?id=ugvseRfK1sibMQDs6nfqTQ HTTP/1.1" 200 25 "-" "Microsoft.AspNetCore.Http.Connections.Client/3.1.3"
127.0.0.1 - - [20/Jul/2020:15:21:55 +1000] "POST /core/eres?id=ugvseRfK1sibMQDs6nfqTQ HTTP/1.1" 200 25 "-" "Microsoft.AspNetCore.Http.Connections.Client/3.1.3"
127.0.0.1 - - [20/Jul/2020:15:21:55 +1000] "GET /core/eres?id=ugvseRfK1sibMQDs6nfqTQ HTTP/1.1" 200 156 "-" "Microsoft.AspNetCore.Http.Connections.Client/3.1.3"
192.168.0.34 - - [20/Jul/2020:15:21:56 +1000] "POST /core/eres?id=PIjUgFJ0FKvyFxkG20fZRQ HTTP/1.1" 200 0 "-" "Dart/2.8 (dart:io)"
127.0.0.1 - - [20/Jul/2020:15:21:56 +1000] "POST /core/eres/negotiate?negotiateVersion=1 HTTP/1.1" 200 316 "-" "Microsoft.AspNetCore.Http.Connections.Client/3.1.3"
127.0.0.1 - - [20/Jul/2020:15:21:56 +1000] "POST /core/eres?id=cokb-NAfUHIVHqwMdps40Q HTTP/1.1" 200 25 "-" "Microsoft.AspNetCore.Http.Connections.Client/3.1.3"
127.0.0.1 - - [20/Jul/2020:15:21:56 +1000] "POST /core/eres?id=cokb-NAfUHIVHqwMdps40Q HTTP/1.1" 200 25 "-" "Microsoft.AspNetCore.Http.Connections.Client/3.1.3"
127.0.0.1 - - [20/Jul/2020:15:21:56 +1000] "POST /core/eres?id=cokb-NAfUHIVHqwMdps40Q HTTP/1.1" 200 25 "-" "Microsoft.AspNetCore.Http.Connections.Client/3.1.3"
